******************************************************************************
                  TI ARM Linker PC v18.1.2                     
******************************************************************************
>> Linked Tue Aug 28 12:34:41 2018

OUTPUT FILE NAME:   <Practica_2.out>
ENTRY POINT SYMBOL: "_c_int00_noargs"  address: 0000068d


MEMORY CONFIGURATION

         name            origin    length      used     unused   attr    fill
----------------------  --------  ---------  --------  --------  ----  --------
  FLASH                 00000000   00040000  00000798  0003f868  R  X
  SRAM                  20000000   00008000  00000208  00007df8  RW X


SEGMENT ALLOCATION MAP

run origin  load origin   length   init length attrs members
----------  ----------- ---------- ----------- ----- -------
00000000    00000000    00000798   00000798    r-x
  00000000    00000000    0000026c   0000026c    r-- .intvecs
  0000026c    0000026c    00000514   00000514    r-x .text
  00000780    00000780    00000018   00000018    r-- .cinit
20000000    20000000    00000208   00000000    rw-
  20000000    20000000    00000200   00000000    rw- .stack
  20000200    20000200    00000008   00000000    rw- .data


SECTION ALLOCATION MAP

 output                                  attributes/
section   page    origin      length       input sections
--------  ----  ----------  ----------   ----------------
.intvecs   0    00000000    0000026c     
                  00000000    0000026c     tm4c123gh6pm_startup_ccs.obj (.intvecs)

.text      0    0000026c    00000514     
                  0000026c    00000132     driverlib.lib : gpio.obj (.text:GPIOPadConfigSet)
                  0000039e    00000002     --HOLE-- [fill = 0]
                  000003a0    000000f4                   : sysctl.obj (.text:SysCtlClockSet)
                  00000494    000000b0     main.obj (.text)
                  00000544    0000009c     rtsv7M4_T_le_v4SPD16_eabi.lib : memcpy_t2.asm.obj (.text)
                  000005e0    00000068                                   : copy_decompress_lzss.c.obj (.text:decompress:lzss:__TI_decompress_lzss)
                  00000648    00000044                                   : autoinit.c.obj (.text:__TI_auto_init_nobinit_nopinit:__TI_auto_init_nobinit_nopinit)
                  0000068c    00000038                                   : boot_cortex_m.c.obj (.text:_c_int00_noargs:_c_int00_noargs)
                  000006c4    00000034     driverlib.lib : sysctl.obj (.text:SysCtlPeripheralEnable)
                  000006f8    0000002a                   : gpio.obj (.text:GPIODirModeSet)
                  00000722    00000018                   : gpio.obj (.text:GPIOPinTypeGPIOOutput)
                  0000073a    00000012                   : gpio.obj (.text:GPIOPinTypeGPIOInput)
                  0000074c    0000000e     rtsv7M4_T_le_v4SPD16_eabi.lib : copy_decompress_none.c.obj (.text:decompress:none:__TI_decompress_none)
                  0000075a    0000000c     tm4c123gh6pm_startup_ccs.obj (.text)
                  00000766    00000006     driverlib.lib : gpio.obj (.text:GPIOPinRead)
                  0000076c    00000006                   : gpio.obj (.text:GPIOPinWrite)
                  00000772    00000006                   : sysctl.obj (.text:SysCtlDelay)
                  00000778    00000004     rtsv7M4_T_le_v4SPD16_eabi.lib : pre_init.c.obj (.text:_system_pre_init)
                  0000077c    00000004                                   : exit.c.obj (.text:abort:abort)

.cinit     0    00000780    00000018     
                  00000780    00000008     (__TI_handler_table)
                  00000788    00000007     (.cinit..data.load) [load image, compression = lzss]
                  0000078f    00000001     --HOLE-- [fill = 0]
                  00000790    00000008     (__TI_cinit_table)

.init_array 
*          0    00000000    00000000     UNINITIALIZED

.data      0    20000200    00000008     UNINITIALIZED
                  20000200    00000008     main.obj (.data)

.stack     0    20000000    00000200     UNINITIALIZED
                  20000000    00000004     rtsv7M4_T_le_v4SPD16_eabi.lib : boot_cortex_m.c.obj (.stack)
                  20000004    000001fc     --HOLE--

MODULE SUMMARY

       Module                         code   ro data   rw data
       ------                         ----   -------   -------
    .\
       tm4c123gh6pm_startup_ccs.obj   12     620       0      
       main.obj                       176    0         8      
    +--+------------------------------+------+---------+---------+
       Total:                         188    620       8      
                                                              
    ../driverlib.lib
       gpio.obj                       402    0         0      
       sysctl.obj                     302    0         0      
    +--+------------------------------+------+---------+---------+
       Total:                         704    0         0      
                                                              
    C:\ti\ccsv8\tools\compiler\ti-cgt-arm_18.1.2.LTS\lib\rtsv7M4_T_le_v4SPD16_eabi.lib
       memcpy_t2.asm.obj              156    0         0      
       copy_decompress_lzss.c.obj     104    0         0      
       autoinit.c.obj                 68     0         0      
       boot_cortex_m.c.obj            56     0         0      
       copy_decompress_none.c.obj     14     0         0      
       exit.c.obj                     4      0         0      
       pre_init.c.obj                 4      0         0      
    +--+------------------------------+------+---------+---------+
       Total:                         406    0         0      
                                                              
       Stack:                         0      0         512    
       Linker Generated:              0      23        0      
    +--+------------------------------+------+---------+---------+
       Grand Total:                   1298   643       520    


LINKER GENERATED COPY TABLES

__TI_cinit_table @ 00000790 records: 1, size/record: 8, table size: 8
	.data: load addr=00000788, load size=00000007 bytes, run addr=20000200, run size=00000008 bytes, compression=lzss


LINKER GENERATED HANDLER TABLE

__TI_handler_table @ 00000780 records: 2, size/record: 4, table size: 8
	index: 0, handler: __TI_decompress_lzss
	index: 1, handler: __TI_decompress_none


GLOBAL SYMBOLS: SORTED ALPHABETICALLY BY Name 

address   name                          
-------   ----                          
0000077d  C$$EXIT                       
000006f9  GPIODirModeSet                
0000026d  GPIOPadConfigSet              
00000767  GPIOPinRead                   
0000073b  GPIOPinTypeGPIOInput          
00000723  GPIOPinTypeGPIOOutput         
0000076d  GPIOPinWrite                  
20000200  PF0                           
20000204  PF4                           
0000075b  ResetISR                      
000003a1  SysCtlClockSet                
00000773  SysCtlDelay                   
000006c5  SysCtlPeripheralEnable        
20000200  __STACK_END                   
00000200  __STACK_SIZE                  
20000200  __STACK_TOP                   
00000790  __TI_CINIT_Base               
00000798  __TI_CINIT_Limit              
00000780  __TI_Handler_Table_Base       
00000788  __TI_Handler_Table_Limit      
00000649  __TI_auto_init_nobinit_nopinit
000005e1  __TI_decompress_lzss          
0000074d  __TI_decompress_none          
ffffffff  __TI_pprof_out_hndl           
ffffffff  __TI_prof_data_size           
ffffffff  __TI_prof_data_start          
00000000  __TI_static_base__            
00000545  __aeabi_memcpy                
00000545  __aeabi_memcpy4               
00000545  __aeabi_memcpy8               
ffffffff  __binit__                     
ffffffff  __c_args__                    
UNDEFED   __mpu_init                    
20000000  __stack                       
0000068d  _c_int00_noargs               
UNDEFED   _system_post_cinit            
00000779  _system_pre_init              
0000077d  abort                         
ffffffff  binit                         
00000495  configuracion                 
00000000  g_pfnVectors                  
000004cb  main                          
00000545  memcpy                        


GLOBAL SYMBOLS: SORTED BY Symbol Address 

address   name                          
-------   ----                          
00000000  __TI_static_base__            
00000000  g_pfnVectors                  
00000200  __STACK_SIZE                  
0000026d  GPIOPadConfigSet              
000003a1  SysCtlClockSet                
00000495  configuracion                 
000004cb  main                          
00000545  __aeabi_memcpy                
00000545  __aeabi_memcpy4               
00000545  __aeabi_memcpy8               
00000545  memcpy                        
000005e1  __TI_decompress_lzss          
00000649  __TI_auto_init_nobinit_nopinit
0000068d  _c_int00_noargs               
000006c5  SysCtlPeripheralEnable        
000006f9  GPIODirModeSet                
00000723  GPIOPinTypeGPIOOutput         
0000073b  GPIOPinTypeGPIOInput          
0000074d  __TI_decompress_none          
0000075b  ResetISR                      
00000767  GPIOPinRead                   
0000076d  GPIOPinWrite                  
00000773  SysCtlDelay                   
00000779  _system_pre_init              
0000077d  C$$EXIT                       
0000077d  abort                         
00000780  __TI_Handler_Table_Base       
00000788  __TI_Handler_Table_Limit      
00000790  __TI_CINIT_Base               
00000798  __TI_CINIT_Limit              
20000000  __stack                       
20000200  PF0                           
20000200  __STACK_END                   
20000200  __STACK_TOP                   
20000204  PF4                           
ffffffff  __TI_pprof_out_hndl           
ffffffff  __TI_prof_data_size           
ffffffff  __TI_prof_data_start          
ffffffff  __binit__                     
ffffffff  __c_args__                    
ffffffff  binit                         
UNDEFED   __mpu_init                    
UNDEFED   _system_post_cinit            

[43 symbols]
