******************************************************************************
                  TI ARM Linker PC v18.1.2                     
******************************************************************************
>> Linked Sun Oct  7 15:54:22 2018

OUTPUT FILE NAME:   <Practica_Boxeador.out>
ENTRY POINT SYMBOL: "_c_int00_noargs"  address: 00001225


MEMORY CONFIGURATION

         name            origin    length      used     unused   attr    fill
----------------------  --------  ---------  --------  --------  ----  --------
  FLASH                 00000000   00040000  00001726  0003e8da  R  X
  SRAM                  20000000   00008000  0000024e  00007db2  RW X


SEGMENT ALLOCATION MAP

run origin  load origin   length   init length attrs members
----------  ----------- ---------- ----------- ----- -------
00000000    00000000    00001728   00001728    r-x
  00000000    00000000    0000026c   0000026c    r-- .intvecs
  0000026c    0000026c    00001262   00001262    r-x .text
  000014d0    000014d0    00000208   00000208    r-- .const
  000016d8    000016d8    00000050   00000050    r-- .cinit
20000000    20000000    00000251   00000000    rw-
  20000000    20000000    00000200   00000000    rw- .stack
  20000200    20000200    00000045   00000000    rw- .data
  20000248    20000248    00000009   00000000    rw- .bss


SECTION ALLOCATION MAP

 output                                  attributes/
section   page    origin      length       input sections
--------  ----  ----------  ----------   ----------------
.intvecs   0    00000000    0000026c     
                  00000000    0000026c     tm4c123gh6pm_startup_ccs.obj (.intvecs)

.text      0    0000026c    00001262     
                  0000026c    0000054c     main.obj (.text)
                  000007b8    000001b6     rtsv7M4_T_le_v4SPD16_eabi.lib : fd_add_t2.asm.obj (.text)
                  0000096e    00000136                                   : fd_div_t2.asm.obj (.text)
                  00000aa4    00000132     driverlib.lib : gpio.obj (.text:GPIOPadConfigSet)
                  00000bd6    00000002     --HOLE-- [fill = 0]
                  00000bd8    00000110                   : sysctl.obj (.text:SysCtlClockGet)
                  00000ce8    000000fc     rtsv7M4_T_le_v4SPD16_eabi.lib : fd_mul_t2.asm.obj (.text)
                  00000de4    000000f4     driverlib.lib : sysctl.obj (.text:SysCtlClockSet)
                  00000ed8    0000009c     rtsv7M4_T_le_v4SPD16_eabi.lib : memcpy_t2.asm.obj (.text)
                  00000f74    0000006e                                   : fd_tos_t2.asm.obj (.text)
                  00000fe2    00000002     --HOLE-- [fill = 0]
                  00000fe4    00000068     driverlib.lib : interrupt.obj (.text:IntEnable)
                  0000104c    00000068     rtsv7M4_T_le_v4SPD16_eabi.lib : copy_decompress_lzss.c.obj (.text:decompress:lzss:__TI_decompress_lzss)
                  000010b4    00000056     driverlib.lib : gpio.obj (.text:GPIOIntTypeSet)
                  0000110a    00000002     --HOLE-- [fill = 0]
                  0000110c    00000048                   : gpio.obj (.text:GPIOPinConfigure)
                  00001154    00000046                   : uart.obj (.text:UARTConfigSetExpClk)
                  0000119a    00000002     --HOLE-- [fill = 0]
                  0000119c    00000044     rtsv7M4_T_le_v4SPD16_eabi.lib : autoinit.c.obj (.text:__TI_auto_init_nobinit_nopinit:__TI_auto_init_nobinit_nopinit)
                  000011e0    00000044                                   : fd_tou_t2.asm.obj (.text)
                  00001224    00000038                                   : boot_cortex_m.c.obj (.text:_c_int00_noargs:_c_int00_noargs)
                  0000125c    00000034     driverlib.lib : sysctl.obj (.text:SysCtlPeripheralEnable)
                  00001290    0000002e     rtsv7M4_T_le_v4SPD16_eabi.lib : i_tofd_t2.asm.obj (.text)
                  000012be    0000002a     driverlib.lib : gpio.obj (.text:GPIODirModeSet)
                  000012e8    00000024                   : interrupt.obj (.text:IntPrioritySet)
                  0000130c    00000022                   : pwm.obj (.text:PWMGenConfigure)
                  0000132e    00000002     --HOLE-- [fill = 0]
                  00001330    00000020                   : uart.obj (.text:UARTDisable)
                  00001350    00000020     rtsv7M4_T_le_v4SPD16_eabi.lib : u_tofd_t2.asm.obj (.text)
                  00001370    0000001e     driverlib.lib : pwm.obj (.text:PWMPulseWidthSet)
                  0000138e    00000002     --HOLE-- [fill = 0]
                  00001390    00000014                   : sysctl.obj (.text:SysCtlPWMClockSet)
                  000013a4    00000014                   : uart.obj (.text:UARTEnable)
                  000013b8    00000012                   : gpio.obj (.text:GPIOPinTypeGPIOInput)
                  000013ca    00000012                   : gpio.obj (.text:GPIOPinTypePWM)
                  000013dc    00000012                   : gpio.obj (.text:GPIOPinTypeUART)
                  000013ee    00000012                   : pwm.obj (.text:PWMOutputState)
                  00001400    00000012     rtsv7M4_T_le_v4SPD16_eabi.lib : copy_zero_init.c.obj (.text:decompress:ZI:__TI_zero_init_nomemset:__TI_zero_init_nomemset)
                  00001412    00000010     driverlib.lib : interrupt.obj (.text:IntMasterEnable)
                  00001422    00000010                   : pwm.obj (.text:PWMGenPeriodSet)
                  00001432    0000000e                   : gpio.obj (.text:GPIOIntStatus)
                  00001440    0000000e                   : uart.obj (.text:UARTCharGetNonBlocking)
                  0000144e    0000000e                   : uart.obj (.text:UARTCharsAvail)
                  0000145c    0000000e     rtsv7M4_T_le_v4SPD16_eabi.lib : copy_decompress_none.c.obj (.text:decompress:none:__TI_decompress_none)
                  0000146a    0000000c     driverlib.lib : cpu.obj (.text:CPUcpsie)
                  00001476    0000000c                   : gpio.obj (.text:GPIOIntEnable)
                  00001482    0000000c                   : pwm.obj (.text:PWMGenEnable)
                  0000148e    0000000c     tm4c123gh6pm_startup_ccs.obj (.text)
                  0000149a    0000000a     driverlib.lib : uart.obj (.text:UARTCharPut)
                  000014a4    0000000a                   : uart.obj (.text:UARTIntStatus)
                  000014ae    00000008                   : uart.obj (.text:UARTIntEnable)
                  000014b6    00000006                   : gpio.obj (.text:GPIOIntClear)
                  000014bc    00000006                   : sysctl.obj (.text:SysCtlDelay)
                  000014c2    00000004                   : uart.obj (.text:UARTIntClear)
                  000014c6    00000004     rtsv7M4_T_le_v4SPD16_eabi.lib : pre_init.c.obj (.text:_system_pre_init)
                  000014ca    00000004                                   : exit.c.obj (.text:abort:abort)

.const     0    000014d0    00000208     
                  000014d0    0000009c     driverlib.lib : interrupt.obj (.const:g_pui32Regs)
                  0000156c    00000090                   : gpio.obj (.const:g_pui32GPIOBaseAddrs)
                  000015fc    00000070                   : interrupt.obj (.const)
                  0000166c    0000006c                   : sysctl.obj (.const:g_pui32Xtals)

.cinit     0    000016d8    00000050     
                  000016d8    00000028     (.cinit..data.load) [load image, compression = lzss]
                  00001700    0000000c     (__TI_handler_table)
                  0000170c    00000004     --HOLE-- [fill = 0]
                  00001710    00000008     (.cinit..bss.load) [load image, compression = zero_init]
                  00001718    00000010     (__TI_cinit_table)

.init_array 
*          0    00000000    00000000     UNINITIALIZED

.data      0    20000200    00000045     UNINITIALIZED
                  20000200    00000024     main.obj (.data:ME)
                  20000224    00000004     --HOLE--
                  20000228    0000001d     main.obj (.data)

.bss       0    20000248    00000009     UNINITIALIZED
                  20000248    00000004     (.common:Load)
                  2000024c    00000004     (.common:PWMClk)
                  20000250    00000001     (.common:dato)

.stack     0    20000000    00000200     UNINITIALIZED
                  20000000    00000004     rtsv7M4_T_le_v4SPD16_eabi.lib : boot_cortex_m.c.obj (.stack)
                  20000004    000001fc     --HOLE--

MODULE SUMMARY

       Module                         code   ro data   rw data
       ------                         ----   -------   -------
    .\
       main.obj                       1356   0         74     
       tm4c123gh6pm_startup_ccs.obj   12     620       0      
    +--+------------------------------+------+---------+---------+
       Total:                         1368   620       74     
                                                              
    ../driverlib.lib
       gpio.obj                       592    144       0      
       sysctl.obj                     594    108       0      
       interrupt.obj                  156    268       0      
       uart.obj                       182    0         0      
       pwm.obj                        110    0         0      
       cpu.obj                        12     0         0      
    +--+------------------------------+------+---------+---------+
       Total:                         1646   520       0      
                                                              
    C:\ti\ccsv8\tools\compiler\ti-cgt-arm_18.1.2.LTS\lib\rtsv7M4_T_le_v4SPD16_eabi.lib
       fd_add_t2.asm.obj              438    0         0      
       fd_div_t2.asm.obj              310    0         0      
       fd_mul_t2.asm.obj              252    0         0      
       memcpy_t2.asm.obj              156    0         0      
       fd_tos_t2.asm.obj              110    0         0      
       copy_decompress_lzss.c.obj     104    0         0      
       autoinit.c.obj                 68     0         0      
       fd_tou_t2.asm.obj              68     0         0      
       boot_cortex_m.c.obj            56     0         0      
       i_tofd_t2.asm.obj              46     0         0      
       u_tofd_t2.asm.obj              32     0         0      
       copy_zero_init.c.obj           18     0         0      
       copy_decompress_none.c.obj     14     0         0      
       exit.c.obj                     4      0         0      
       pre_init.c.obj                 4      0         0      
    +--+------------------------------+------+---------+---------+
       Total:                         1680   0         0      
                                                              
       Stack:                         0      0         512    
       Linker Generated:              0      76        0      
    +--+------------------------------+------+---------+---------+
       Grand Total:                   4694   1216      586    


LINKER GENERATED COPY TABLES

__TI_cinit_table @ 00001718 records: 2, size/record: 8, table size: 16
	.data: load addr=000016d8, load size=00000028 bytes, run addr=20000200, run size=00000045 bytes, compression=lzss
	.bss: load addr=00001710, load size=00000008 bytes, run addr=20000248, run size=00000009 bytes, compression=zero_init


LINKER GENERATED HANDLER TABLE

__TI_handler_table @ 00001700 records: 3, size/record: 4, table size: 12
	index: 0, handler: __TI_decompress_lzss
	index: 1, handler: __TI_decompress_none
	index: 2, handler: __TI_zero_init


GLOBAL SYMBOLS: SORTED ALPHABETICALLY BY Name 

address   name                          
-------   ----                          
20000228  Ang1                          
20000229  Ang2                          
2000022a  Ang3                          
000014cb  C$$EXIT                       
0000146b  CPUcpsie                      
0000026d  Configuracion                 
000004f5  Estado0                       
00000561  Estado1                       
0000062b  Estado2                       
000012bf  GPIODirModeSet                
000014b7  GPIOIntClear                  
00001477  GPIOIntEnable                 
00001433  GPIOIntStatus                 
000010b5  GPIOIntTypeSet                
00000aa5  GPIOPadConfigSet              
0000110d  GPIOPinConfigure              
000013b9  GPIOPinTypeGPIOInput          
000013cb  GPIOPinTypePWM                
000013dd  GPIOPinTypeUART               
000003cd  GPIO_INT_Handler              
00000fe5  IntEnable                     
00001413  IntMasterEnable               
000012e9  IntPrioritySet                
20000248  Load                          
20000200  ME                            
000004bf  Maquina_estado                
2000024c  PWMClk                        
0000130d  PWMGenConfigure               
00001483  PWMGenEnable                  
00001423  PWMGenPeriodSet               
000013ef  PWMOutputState                
00001371  PWMPulseWidthSet              
000002d7  PWM_Config                    
20000244  Posicion_Maquina              
0000148f  ResetISR                      
00000645  Servo_Base                    
000006ad  Servo_Brazo                   
00000709  Servo_Mano                    
00000bd9  SysCtlClockGet                
00000de5  SysCtlClockSet                
000014bd  SysCtlDelay                   
00001391  SysCtlPWMClockSet             
0000125d  SysCtlPeripheralEnable        
20000238  T                             
00001441  UARTCharGetNonBlocking        
0000149b  UARTCharPut                   
0000144f  UARTCharsAvail                
00001155  UARTConfigSetExpClk           
00001331  UARTDisable                   
000013a5  UARTEnable                    
000014c3  UARTIntClear                  
000014af  UARTIntEnable                 
0000044d  UARTIntHandler                
000014a5  UARTIntStatus                 
00000385  UART_Config                   
20000200  __STACK_END                   
00000200  __STACK_SIZE                  
20000200  __STACK_TOP                   
00001718  __TI_CINIT_Base               
00001728  __TI_CINIT_Limit              
00001700  __TI_Handler_Table_Base       
0000170c  __TI_Handler_Table_Limit      
0000119d  __TI_auto_init_nobinit_nopinit
0000104d  __TI_decompress_lzss          
0000145d  __TI_decompress_none          
ffffffff  __TI_pprof_out_hndl           
ffffffff  __TI_prof_data_size           
ffffffff  __TI_prof_data_start          
00000000  __TI_static_base__            
00001401  __TI_zero_init_nomemset       
00000f75  __aeabi_d2f                   
000011e1  __aeabi_d2uiz                 
000007c3  __aeabi_dadd                  
0000096f  __aeabi_ddiv                  
00000ce9  __aeabi_dmul                  
000007b9  __aeabi_dsub                  
00001291  __aeabi_i2d                   
00000ed9  __aeabi_memcpy                
00000ed9  __aeabi_memcpy4               
00000ed9  __aeabi_memcpy8               
00001351  __aeabi_ui2d                  
ffffffff  __binit__                     
ffffffff  __c_args__                    
UNDEFED   __mpu_init                    
20000000  __stack                       
00001225  _c_int00_noargs               
UNDEFED   _system_post_cinit            
000014c7  _system_pre_init              
000014cb  abort                         
ffffffff  binit                         
2000022c  carga                         
20000250  dato                          
00000000  g_pfnVectors                  
000004af  main                          
00000ed9  memcpy                        
20000230  pos                           
20000240  pulso                         


GLOBAL SYMBOLS: SORTED BY Symbol Address 

address   name                          
-------   ----                          
00000000  __TI_static_base__            
00000000  g_pfnVectors                  
00000200  __STACK_SIZE                  
0000026d  Configuracion                 
000002d7  PWM_Config                    
00000385  UART_Config                   
000003cd  GPIO_INT_Handler              
0000044d  UARTIntHandler                
000004af  main                          
000004bf  Maquina_estado                
000004f5  Estado0                       
00000561  Estado1                       
0000062b  Estado2                       
00000645  Servo_Base                    
000006ad  Servo_Brazo                   
00000709  Servo_Mano                    
000007b9  __aeabi_dsub                  
000007c3  __aeabi_dadd                  
0000096f  __aeabi_ddiv                  
00000aa5  GPIOPadConfigSet              
00000bd9  SysCtlClockGet                
00000ce9  __aeabi_dmul                  
00000de5  SysCtlClockSet                
00000ed9  __aeabi_memcpy                
00000ed9  __aeabi_memcpy4               
00000ed9  __aeabi_memcpy8               
00000ed9  memcpy                        
00000f75  __aeabi_d2f                   
00000fe5  IntEnable                     
0000104d  __TI_decompress_lzss          
000010b5  GPIOIntTypeSet                
0000110d  GPIOPinConfigure              
00001155  UARTConfigSetExpClk           
0000119d  __TI_auto_init_nobinit_nopinit
000011e1  __aeabi_d2uiz                 
00001225  _c_int00_noargs               
0000125d  SysCtlPeripheralEnable        
00001291  __aeabi_i2d                   
000012bf  GPIODirModeSet                
000012e9  IntPrioritySet                
0000130d  PWMGenConfigure               
00001331  UARTDisable                   
00001351  __aeabi_ui2d                  
00001371  PWMPulseWidthSet              
00001391  SysCtlPWMClockSet             
000013a5  UARTEnable                    
000013b9  GPIOPinTypeGPIOInput          
000013cb  GPIOPinTypePWM                
000013dd  GPIOPinTypeUART               
000013ef  PWMOutputState                
00001401  __TI_zero_init_nomemset       
00001413  IntMasterEnable               
00001423  PWMGenPeriodSet               
00001433  GPIOIntStatus                 
00001441  UARTCharGetNonBlocking        
0000144f  UARTCharsAvail                
0000145d  __TI_decompress_none          
0000146b  CPUcpsie                      
00001477  GPIOIntEnable                 
00001483  PWMGenEnable                  
0000148f  ResetISR                      
0000149b  UARTCharPut                   
000014a5  UARTIntStatus                 
000014af  UARTIntEnable                 
000014b7  GPIOIntClear                  
000014bd  SysCtlDelay                   
000014c3  UARTIntClear                  
000014c7  _system_pre_init              
000014cb  C$$EXIT                       
000014cb  abort                         
00001700  __TI_Handler_Table_Base       
0000170c  __TI_Handler_Table_Limit      
00001718  __TI_CINIT_Base               
00001728  __TI_CINIT_Limit              
20000000  __stack                       
20000200  ME                            
20000200  __STACK_END                   
20000200  __STACK_TOP                   
20000228  Ang1                          
20000229  Ang2                          
2000022a  Ang3                          
2000022c  carga                         
20000230  pos                           
20000238  T                             
20000240  pulso                         
20000244  Posicion_Maquina              
20000248  Load                          
2000024c  PWMClk                        
20000250  dato                          
ffffffff  __TI_pprof_out_hndl           
ffffffff  __TI_prof_data_size           
ffffffff  __TI_prof_data_start          
ffffffff  __binit__                     
ffffffff  __c_args__                    
ffffffff  binit                         
UNDEFED   __mpu_init                    
UNDEFED   _system_post_cinit            

[97 symbols]
