******************************************************************************
                  TI ARM Linker PC v18.1.2                     
******************************************************************************
>> Linked Wed Sep 26 14:08:54 2018

OUTPUT FILE NAME:   <Practica_6.out>
ENTRY POINT SYMBOL: "_c_int00_noargs"  address: 00000d25


MEMORY CONFIGURATION

         name            origin    length      used     unused   attr    fill
----------------------  --------  ---------  --------  --------  ----  --------
  FLASH                 00000000   00040000  000010c8  0003ef38  R  X
  SRAM                  20000000   00008000  0000020c  00007df4  RW X


SEGMENT ALLOCATION MAP

run origin  load origin   length   init length attrs members
----------  ----------- ---------- ----------- ----- -------
00000000    00000000    000010c8   000010c8    r-x
  00000000    00000000    0000026c   0000026c    r-- .intvecs
  0000026c    0000026c    00000cc0   00000cc0    r-x .text
  00000f2c    00000f2c    0000016c   0000016c    r-- .const
  00001098    00001098    00000030   00000030    r-- .cinit
20000000    20000000    0000020c   00000000    rw-
  20000000    20000000    00000200   00000000    rw- .stack
  20000200    20000200    00000009   00000000    rw- .bss
  20000209    20000209    00000003   00000000    rw- .data


SECTION ALLOCATION MAP

 output                                  attributes/
section   page    origin      length       input sections
--------  ----  ----------  ----------   ----------------
.intvecs   0    00000000    0000026c     
                  00000000    0000026c     tm4c123gh6pm_startup_ccs.obj (.intvecs)

.text      0    0000026c    00000cc0     
                  0000026c    000002cc     main.obj (.text)
                  00000538    00000136     rtsv7M4_T_le_v4SPD16_eabi.lib : fd_div_t2.asm.obj (.text)
                  0000066e    00000132     driverlib.lib : gpio.obj (.text:GPIOPadConfigSet)
                  000007a0    00000110                   : sysctl.obj (.text:SysCtlClockGet)
                  000008b0    000000fc     rtsv7M4_T_le_v4SPD16_eabi.lib : fd_mul_t2.asm.obj (.text)
                  000009ac    000000f4     driverlib.lib : sysctl.obj (.text:SysCtlClockSet)
                  00000aa0    0000009c     rtsv7M4_T_le_v4SPD16_eabi.lib : memcpy_t2.asm.obj (.text)
                  00000b3c    00000068     driverlib.lib : interrupt.obj (.text:IntEnable)
                  00000ba4    00000068     rtsv7M4_T_le_v4SPD16_eabi.lib : copy_decompress_lzss.c.obj (.text:decompress:lzss:__TI_decompress_lzss)
                  00000c0c    00000048     driverlib.lib : gpio.obj (.text:GPIOPinConfigure)
                  00000c54    00000046                   : uart.obj (.text:UARTConfigSetExpClk)
                  00000c9a    00000002     --HOLE-- [fill = 0]
                  00000c9c    00000044     rtsv7M4_T_le_v4SPD16_eabi.lib : autoinit.c.obj (.text:__TI_auto_init_nobinit_nopinit:__TI_auto_init_nobinit_nopinit)
                  00000ce0    00000044                                   : fd_tou_t2.asm.obj (.text)
                  00000d24    00000038                                   : boot_cortex_m.c.obj (.text:_c_int00_noargs:_c_int00_noargs)
                  00000d5c    00000034     driverlib.lib : sysctl.obj (.text:SysCtlPeripheralEnable)
                  00000d90    0000002a                   : gpio.obj (.text:GPIODirModeSet)
                  00000dba    00000022                   : pwm.obj (.text:PWMGenConfigure)
                  00000ddc    00000020                   : uart.obj (.text:UARTDisable)
                  00000dfc    00000020     rtsv7M4_T_le_v4SPD16_eabi.lib : u_tofd_t2.asm.obj (.text)
                  00000e1c    0000001e     driverlib.lib : pwm.obj (.text:PWMPulseWidthSet)
                  00000e3a    00000002     --HOLE-- [fill = 0]
                  00000e3c    00000014                   : sysctl.obj (.text:SysCtlPWMClockSet)
                  00000e50    00000014                   : uart.obj (.text:UARTEnable)
                  00000e64    00000012                   : gpio.obj (.text:GPIOPinTypePWM)
                  00000e76    00000012                   : gpio.obj (.text:GPIOPinTypeUART)
                  00000e88    00000012                   : pwm.obj (.text:PWMOutputState)
                  00000e9a    00000012     rtsv7M4_T_le_v4SPD16_eabi.lib : copy_zero_init.c.obj (.text:decompress:ZI:__TI_zero_init_nomemset:__TI_zero_init_nomemset)
                  00000eac    00000010     driverlib.lib : pwm.obj (.text:PWMGenPeriodSet)
                  00000ebc    0000000e                   : uart.obj (.text:UARTCharGetNonBlocking)
                  00000eca    0000000e                   : uart.obj (.text:UARTCharsAvail)
                  00000ed8    0000000e     rtsv7M4_T_le_v4SPD16_eabi.lib : copy_decompress_none.c.obj (.text:decompress:none:__TI_decompress_none)
                  00000ee6    0000000c     driverlib.lib : pwm.obj (.text:PWMGenEnable)
                  00000ef2    0000000c     tm4c123gh6pm_startup_ccs.obj (.text)
                  00000efe    0000000a     driverlib.lib : uart.obj (.text:UARTCharPut)
                  00000f08    0000000a                   : uart.obj (.text:UARTIntStatus)
                  00000f12    00000008                   : uart.obj (.text:UARTIntEnable)
                  00000f1a    00000006                   : sysctl.obj (.text:SysCtlDelay)
                  00000f20    00000004                   : uart.obj (.text:UARTIntClear)
                  00000f24    00000004     rtsv7M4_T_le_v4SPD16_eabi.lib : pre_init.c.obj (.text:_system_pre_init)
                  00000f28    00000004                                   : exit.c.obj (.text:abort:abort)

.const     0    00000f2c    0000016c     
                  00000f2c    00000090     driverlib.lib : gpio.obj (.const:g_pui32GPIOBaseAddrs)
                  00000fbc    00000070                   : interrupt.obj (.const)
                  0000102c    0000006c                   : sysctl.obj (.const:g_pui32Xtals)

.cinit     0    00001098    00000030     
                  00001098    0000000c     (__TI_handler_table)
                  000010a4    00000004     --HOLE-- [fill = 0]
                  000010a8    00000008     (.cinit..bss.load) [load image, compression = zero_init]
                  000010b0    00000007     (.cinit..data.load) [load image, compression = lzss]
                  000010b7    00000001     --HOLE-- [fill = 0]
                  000010b8    00000010     (__TI_cinit_table)

.init_array 
*          0    00000000    00000000     UNINITIALIZED

.bss       0    20000200    00000009     UNINITIALIZED
                  20000200    00000004     (.common:Load)
                  20000204    00000004     (.common:PWMClk)
                  20000208    00000001     (.common:dato)

.data      0    20000209    00000003     UNINITIALIZED
                  20000209    00000003     main.obj (.data)

.stack     0    20000000    00000200     UNINITIALIZED
                  20000000    00000004     rtsv7M4_T_le_v4SPD16_eabi.lib : boot_cortex_m.c.obj (.stack)
                  20000004    000001fc     --HOLE--

MODULE SUMMARY

       Module                         code   ro data   rw data
       ------                         ----   -------   -------
    .\
       main.obj                       716    0         12     
       tm4c123gh6pm_startup_ccs.obj   12     620       0      
    +--+------------------------------+------+---------+---------+
       Total:                         728    620       12     
                                                              
    ../driverlib.lib
       sysctl.obj                     594    108       0      
       gpio.obj                       456    144       0      
       interrupt.obj                  104    112       0      
       uart.obj                       182    0         0      
       pwm.obj                        110    0         0      
    +--+------------------------------+------+---------+---------+
       Total:                         1446   364       0      
                                                              
    C:\ti\ccsv8\tools\compiler\ti-cgt-arm_18.1.2.LTS\lib\rtsv7M4_T_le_v4SPD16_eabi.lib
       fd_div_t2.asm.obj              310    0         0      
       fd_mul_t2.asm.obj              252    0         0      
       memcpy_t2.asm.obj              156    0         0      
       copy_decompress_lzss.c.obj     104    0         0      
       autoinit.c.obj                 68     0         0      
       fd_tou_t2.asm.obj              68     0         0      
       boot_cortex_m.c.obj            56     0         0      
       u_tofd_t2.asm.obj              32     0         0      
       copy_zero_init.c.obj           18     0         0      
       copy_decompress_none.c.obj     14     0         0      
       exit.c.obj                     4      0         0      
       pre_init.c.obj                 4      0         0      
    +--+------------------------------+------+---------+---------+
       Total:                         1086   0         0      
                                                              
       Stack:                         0      0         512    
       Linker Generated:              0      43        0      
    +--+------------------------------+------+---------+---------+
       Grand Total:                   3260   1027      524    


LINKER GENERATED COPY TABLES

__TI_cinit_table @ 000010b8 records: 2, size/record: 8, table size: 16
	.bss: load addr=000010a8, load size=00000008 bytes, run addr=20000200, run size=00000009 bytes, compression=zero_init
	.data: load addr=000010b0, load size=00000007 bytes, run addr=20000209, run size=00000003 bytes, compression=lzss


LINKER GENERATED HANDLER TABLE

__TI_handler_table @ 00001098 records: 3, size/record: 4, table size: 12
	index: 0, handler: __TI_decompress_lzss
	index: 1, handler: __TI_decompress_none
	index: 2, handler: __TI_zero_init


GLOBAL SYMBOLS: SORTED ALPHABETICALLY BY Name 

address   name                          
-------   ----                          
2000020b  Azul                          
00000f29  C$$EXIT                       
00000313  Comparador                    
0000039b  Configuracion                 
00000d91  GPIODirModeSet                
0000066f  GPIOPadConfigSet              
00000c0d  GPIOPinConfigure              
00000e65  GPIOPinTypePWM                
00000e77  GPIOPinTypeUART               
00000b3d  IntEnable                     
20000200  Load                          
20000204  PWMClk                        
00000dbb  PWMGenConfigure               
00000ee7  PWMGenEnable                  
00000ead  PWMGenPeriodSet               
00000e89  PWMOutputState                
00000e1d  PWMPulseWidthSet              
000003e3  PWM_Config                    
00000ef3  ResetISR                      
20000209  Rojo                          
000007a1  SysCtlClockGet                
000009ad  SysCtlClockSet                
00000f1b  SysCtlDelay                   
00000e3d  SysCtlPWMClockSet             
00000d5d  SysCtlPeripheralEnable        
00000ebd  UARTCharGetNonBlocking        
00000eff  UARTCharPut                   
00000ecb  UARTCharsAvail                
00000c55  UARTConfigSetExpClk           
00000ddd  UARTDisable                   
00000e51  UARTEnable                    
00000f21  UARTIntClear                  
00000f13  UARTIntEnable                 
000002b5  UARTIntHandler                
00000f09  UARTIntStatus                 
0000026d  UART_Config                   
2000020a  Verde                         
20000200  __STACK_END                   
00000200  __STACK_SIZE                  
20000200  __STACK_TOP                   
000010b8  __TI_CINIT_Base               
000010c8  __TI_CINIT_Limit              
00001098  __TI_Handler_Table_Base       
000010a4  __TI_Handler_Table_Limit      
00000c9d  __TI_auto_init_nobinit_nopinit
00000ba5  __TI_decompress_lzss          
00000ed9  __TI_decompress_none          
ffffffff  __TI_pprof_out_hndl           
ffffffff  __TI_prof_data_size           
ffffffff  __TI_prof_data_start          
00000000  __TI_static_base__            
00000e9b  __TI_zero_init_nomemset       
00000ce1  __aeabi_d2uiz                 
00000539  __aeabi_ddiv                  
000008b1  __aeabi_dmul                  
00000aa1  __aeabi_memcpy                
00000aa1  __aeabi_memcpy4               
00000aa1  __aeabi_memcpy8               
00000dfd  __aeabi_ui2d                  
ffffffff  __binit__                     
ffffffff  __c_args__                    
UNDEFED   __mpu_init                    
20000000  __stack                       
00000d25  _c_int00_noargs               
UNDEFED   _system_post_cinit            
00000f25  _system_pre_init              
00000f29  abort                         
ffffffff  binit                         
20000208  dato                          
00000000  g_pfnVectors                  
0000048b  main                          
00000aa1  memcpy                        


GLOBAL SYMBOLS: SORTED BY Symbol Address 

address   name                          
-------   ----                          
00000000  __TI_static_base__            
00000000  g_pfnVectors                  
00000200  __STACK_SIZE                  
0000026d  UART_Config                   
000002b5  UARTIntHandler                
00000313  Comparador                    
0000039b  Configuracion                 
000003e3  PWM_Config                    
0000048b  main                          
00000539  __aeabi_ddiv                  
0000066f  GPIOPadConfigSet              
000007a1  SysCtlClockGet                
000008b1  __aeabi_dmul                  
000009ad  SysCtlClockSet                
00000aa1  __aeabi_memcpy                
00000aa1  __aeabi_memcpy4               
00000aa1  __aeabi_memcpy8               
00000aa1  memcpy                        
00000b3d  IntEnable                     
00000ba5  __TI_decompress_lzss          
00000c0d  GPIOPinConfigure              
00000c55  UARTConfigSetExpClk           
00000c9d  __TI_auto_init_nobinit_nopinit
00000ce1  __aeabi_d2uiz                 
00000d25  _c_int00_noargs               
00000d5d  SysCtlPeripheralEnable        
00000d91  GPIODirModeSet                
00000dbb  PWMGenConfigure               
00000ddd  UARTDisable                   
00000dfd  __aeabi_ui2d                  
00000e1d  PWMPulseWidthSet              
00000e3d  SysCtlPWMClockSet             
00000e51  UARTEnable                    
00000e65  GPIOPinTypePWM                
00000e77  GPIOPinTypeUART               
00000e89  PWMOutputState                
00000e9b  __TI_zero_init_nomemset       
00000ead  PWMGenPeriodSet               
00000ebd  UARTCharGetNonBlocking        
00000ecb  UARTCharsAvail                
00000ed9  __TI_decompress_none          
00000ee7  PWMGenEnable                  
00000ef3  ResetISR                      
00000eff  UARTCharPut                   
00000f09  UARTIntStatus                 
00000f13  UARTIntEnable                 
00000f1b  SysCtlDelay                   
00000f21  UARTIntClear                  
00000f25  _system_pre_init              
00000f29  C$$EXIT                       
00000f29  abort                         
00001098  __TI_Handler_Table_Base       
000010a4  __TI_Handler_Table_Limit      
000010b8  __TI_CINIT_Base               
000010c8  __TI_CINIT_Limit              
20000000  __stack                       
20000200  Load                          
20000200  __STACK_END                   
20000200  __STACK_TOP                   
20000204  PWMClk                        
20000208  dato                          
20000209  Rojo                          
2000020a  Verde                         
2000020b  Azul                          
ffffffff  __TI_pprof_out_hndl           
ffffffff  __TI_prof_data_size           
ffffffff  __TI_prof_data_start          
ffffffff  __binit__                     
ffffffff  __c_args__                    
ffffffff  binit                         
UNDEFED   __mpu_init                    
UNDEFED   _system_post_cinit            

[72 symbols]
