******************************************************************************
                  TI ARM Linker PC v18.1.2                     
******************************************************************************
>> Linked Mon Oct  8 00:43:36 2018

OUTPUT FILE NAME:   <Practica_Boxeador.out>
ENTRY POINT SYMBOL: "_c_int00_noargs"  address: 000017c5


MEMORY CONFIGURATION

         name            origin    length      used     unused   attr    fill
----------------------  --------  ---------  --------  --------  ----  --------
  FLASH                 00000000   00040000  00001d8a  0003e276  R  X
  SRAM                  20000000   00008000  00000561  00007a9f  RW X


SEGMENT ALLOCATION MAP

run origin  load origin   length   init length attrs members
----------  ----------- ---------- ----------- ----- -------
00000000    00000000    00001d90   00001d90    r-x
  00000000    00000000    0000026c   0000026c    r-- .intvecs
  0000026c    0000026c    00001846   00001846    r-x .text
  00001ab4    00001ab4    00000208   00000208    r-- .const
  00001cc0    00001cc0    000000d0   000000d0    r-- .cinit
20000000    20000000    00000561   00000000    rw-
  20000000    20000000    00000358   00000000    rw- .data
  20000358    20000358    00000200   00000000    rw- .stack
  20000558    20000558    00000009   00000000    rw- .bss


SECTION ALLOCATION MAP

 output                                  attributes/
section   page    origin      length       input sections
--------  ----  ----------  ----------   ----------------
.intvecs   0    00000000    0000026c     
                  00000000    0000026c     tm4c123gh6pm_startup_ccs.obj (.intvecs)

.text      0    0000026c    00001846     
                  0000026c    00000a24     main.obj (.text)
                  00000c90    000001b6     rtsv7M4_T_le_v4SPD16_eabi.lib : fd_add_t2.asm.obj (.text)
                  00000e46    00000136                                   : fd_div_t2.asm.obj (.text)
                  00000f7c    00000132     driverlib.lib : gpio.obj (.text:GPIOPadConfigSet)
                  000010ae    00000002     --HOLE-- [fill = 0]
                  000010b0    00000110                   : sysctl.obj (.text:SysCtlClockGet)
                  000011c0    000000fc     rtsv7M4_T_le_v4SPD16_eabi.lib : fd_mul_t2.asm.obj (.text)
                  000012bc    000000f4     driverlib.lib : sysctl.obj (.text:SysCtlClockSet)
                  000013b0    0000009c     rtsv7M4_T_le_v4SPD16_eabi.lib : memcpy_t2.asm.obj (.text)
                  0000144c    0000006e                                   : fd_tos_t2.asm.obj (.text)
                  000014ba    00000002     --HOLE-- [fill = 0]
                  000014bc    00000068     driverlib.lib : interrupt.obj (.text:IntDisable)
                  00001524    00000068                   : interrupt.obj (.text:IntEnable)
                  0000158c    00000068     rtsv7M4_T_le_v4SPD16_eabi.lib : copy_decompress_lzss.c.obj (.text:decompress:lzss:__TI_decompress_lzss)
                  000015f4    00000060     driverlib.lib : timer.obj (.text:TimerConfigure)
                  00001654    00000056                   : gpio.obj (.text:GPIOIntTypeSet)
                  000016aa    00000002     --HOLE-- [fill = 0]
                  000016ac    00000048                   : gpio.obj (.text:GPIOPinConfigure)
                  000016f4    00000046                   : uart.obj (.text:UARTConfigSetExpClk)
                  0000173a    00000002     --HOLE-- [fill = 0]
                  0000173c    00000044     rtsv7M4_T_le_v4SPD16_eabi.lib : autoinit.c.obj (.text:__TI_auto_init_nobinit_nopinit:__TI_auto_init_nobinit_nopinit)
                  00001780    00000044                                   : fd_tou_t2.asm.obj (.text)
                  000017c4    00000038                                   : boot_cortex_m.c.obj (.text:_c_int00_noargs:_c_int00_noargs)
                  000017fc    00000034     driverlib.lib : sysctl.obj (.text:SysCtlPeripheralEnable)
                  00001830    0000002e     rtsv7M4_T_le_v4SPD16_eabi.lib : i_tofd_t2.asm.obj (.text)
                  0000185e    0000002a     driverlib.lib : gpio.obj (.text:GPIODirModeSet)
                  00001888    00000024                   : interrupt.obj (.text:IntPrioritySet)
                  000018ac    00000022                   : pwm.obj (.text:PWMGenConfigure)
                  000018ce    00000002     --HOLE-- [fill = 0]
                  000018d0    00000020                   : uart.obj (.text:UARTDisable)
                  000018f0    00000020     rtsv7M4_T_le_v4SPD16_eabi.lib : u_tofd_t2.asm.obj (.text)
                  00001910    0000001e     driverlib.lib : pwm.obj (.text:PWMPulseWidthSet)
                  0000192e    00000002     --HOLE-- [fill = 0]
                  00001930    00000018                   : timer.obj (.text:TimerDisable)
                  00001948    00000014                   : sysctl.obj (.text:SysCtlPWMClockSet)
                  0000195c    00000014                   : uart.obj (.text:UARTEnable)
                  00001970    00000012                   : gpio.obj (.text:GPIOPinTypeGPIOInput)
                  00001982    00000012                   : gpio.obj (.text:GPIOPinTypePWM)
                  00001994    00000012                   : gpio.obj (.text:GPIOPinTypeUART)
                  000019a6    00000012                   : pwm.obj (.text:PWMOutputState)
                  000019b8    00000012                   : timer.obj (.text:TimerLoadSet)
                  000019ca    00000012     rtsv7M4_T_le_v4SPD16_eabi.lib : copy_zero_init.c.obj (.text:decompress:ZI:__TI_zero_init_nomemset:__TI_zero_init_nomemset)
                  000019dc    00000010     driverlib.lib : interrupt.obj (.text:IntMasterEnable)
                  000019ec    00000010                   : pwm.obj (.text:PWMGenPeriodSet)
                  000019fc    0000000e                   : gpio.obj (.text:GPIOIntStatus)
                  00001a0a    0000000e                   : timer.obj (.text:TimerEnable)
                  00001a18    0000000e                   : uart.obj (.text:UARTCharGetNonBlocking)
                  00001a26    0000000e                   : uart.obj (.text:UARTCharsAvail)
                  00001a34    0000000e     rtsv7M4_T_le_v4SPD16_eabi.lib : copy_decompress_none.c.obj (.text:decompress:none:__TI_decompress_none)
                  00001a42    0000000c     driverlib.lib : cpu.obj (.text:CPUcpsie)
                  00001a4e    0000000c                   : gpio.obj (.text:GPIOIntEnable)
                  00001a5a    0000000c                   : pwm.obj (.text:PWMGenEnable)
                  00001a66    0000000c     tm4c123gh6pm_startup_ccs.obj (.text)
                  00001a72    0000000a     driverlib.lib : uart.obj (.text:UARTCharPut)
                  00001a7c    0000000a                   : uart.obj (.text:UARTIntStatus)
                  00001a86    00000008                   : timer.obj (.text:TimerIntEnable)
                  00001a8e    00000008                   : uart.obj (.text:UARTIntEnable)
                  00001a96    00000006                   : gpio.obj (.text:GPIOIntClear)
                  00001a9c    00000006                   : sysctl.obj (.text:SysCtlDelay)
                  00001aa2    00000004                   : timer.obj (.text:TimerIntClear)
                  00001aa6    00000004                   : uart.obj (.text:UARTIntClear)
                  00001aaa    00000004     rtsv7M4_T_le_v4SPD16_eabi.lib : pre_init.c.obj (.text:_system_pre_init)
                  00001aae    00000004                                   : exit.c.obj (.text:abort:abort)

.const     0    00001ab4    00000208     
                  00001ab4    0000009c     driverlib.lib : interrupt.obj (.const:g_pui32Regs)
                  00001b50    00000090                   : gpio.obj (.const:g_pui32GPIOBaseAddrs)
                  00001be0    00000070                   : interrupt.obj (.const)
                  00001c50    0000006c                   : sysctl.obj (.const:g_pui32Xtals)

.cinit     0    00001cc0    000000d0     
                  00001cc0    000000a5     (.cinit..data.load) [load image, compression = lzss]
                  00001d65    00000003     --HOLE-- [fill = 0]
                  00001d68    0000000c     (__TI_handler_table)
                  00001d74    00000004     --HOLE-- [fill = 0]
                  00001d78    00000008     (.cinit..bss.load) [load image, compression = zero_init]
                  00001d80    00000010     (__TI_cinit_table)

.init_array 
*          0    00000000    00000000     UNINITIALIZED

.data      0    20000000    00000358     UNINITIALIZED
                  20000000    000000c0     main.obj (.data:CAJA1)
                  200000c0    000000c0     main.obj (.data:CAJA2)
                  20000180    000000c0     main.obj (.data:CAJA3)
                  20000240    000000c0     main.obj (.data:INICIAL)
                  20000300    00000034     main.obj (.data)
                  20000334    00000024     main.obj (.data:ME)

.bss       0    20000558    00000009     UNINITIALIZED
                  20000558    00000004     (.common:Load)
                  2000055c    00000004     (.common:PWMClk)
                  20000560    00000001     (.common:dato)

.stack     0    20000358    00000200     UNINITIALIZED
                  20000358    00000004     rtsv7M4_T_le_v4SPD16_eabi.lib : boot_cortex_m.c.obj (.stack)
                  2000035c    000001fc     --HOLE--

MODULE SUMMARY

       Module                         code   ro data   rw data
       ------                         ----   -------   -------
    .\
       main.obj                       2596   0         865    
       tm4c123gh6pm_startup_ccs.obj   12     620       0      
    +--+------------------------------+------+---------+---------+
       Total:                         2608   620       865    
                                                              
    ../driverlib.lib
       gpio.obj                       592    144       0      
       sysctl.obj                     594    108       0      
       interrupt.obj                  260    268       0      
       uart.obj                       182    0         0      
       timer.obj                      164    0         0      
       pwm.obj                        110    0         0      
       cpu.obj                        12     0         0      
    +--+------------------------------+------+---------+---------+
       Total:                         1914   520       0      
                                                              
    C:\ti\ccsv8\tools\compiler\ti-cgt-arm_18.1.2.LTS\lib\rtsv7M4_T_le_v4SPD16_eabi.lib
       fd_add_t2.asm.obj              438    0         0      
       fd_div_t2.asm.obj              310    0         0      
       fd_mul_t2.asm.obj              252    0         0      
       memcpy_t2.asm.obj              156    0         0      
       fd_tos_t2.asm.obj              110    0         0      
       copy_decompress_lzss.c.obj     104    0         0      
       autoinit.c.obj                 68     0         0      
       fd_tou_t2.asm.obj              68     0         0      
       boot_cortex_m.c.obj            56     0         0      
       i_tofd_t2.asm.obj              46     0         0      
       u_tofd_t2.asm.obj              32     0         0      
       copy_zero_init.c.obj           18     0         0      
       copy_decompress_none.c.obj     14     0         0      
       exit.c.obj                     4      0         0      
       pre_init.c.obj                 4      0         0      
    +--+------------------------------+------+---------+---------+
       Total:                         1680   0         0      
                                                              
       Stack:                         0      0         512    
       Linker Generated:              0      201       0      
    +--+------------------------------+------+---------+---------+
       Grand Total:                   6202   1341      1377   


LINKER GENERATED COPY TABLES

__TI_cinit_table @ 00001d80 records: 2, size/record: 8, table size: 16
	.data: load addr=00001cc0, load size=000000a5 bytes, run addr=20000000, run size=00000358 bytes, compression=lzss
	.bss: load addr=00001d78, load size=00000008 bytes, run addr=20000558, run size=00000009 bytes, compression=zero_init


LINKER GENERATED HANDLER TABLE

__TI_handler_table @ 00001d68 records: 3, size/record: 4, table size: 12
	index: 0, handler: __TI_decompress_lzss
	index: 1, handler: __TI_decompress_none
	index: 2, handler: __TI_zero_init


GLOBAL SYMBOLS: SORTED ALPHABETICALLY BY Name 

address   name                          
-------   ----                          
20000300  Ang1                          
20000301  Ang2                          
20000302  Ang3                          
00001aaf  C$$EXIT                       
20000000  CAJA1                         
200000c0  CAJA2                         
20000180  CAJA3                         
20000318  CONTROL                       
00001a43  CPUcpsie                      
0000026d  Configuracion                 
00000a31  Estado1                       
00000aff  Estado2                       
20000308  Frequency                     
0000185f  GPIODirModeSet                
00001a97  GPIOIntClear                  
00001a4f  GPIOIntEnable                 
000019fd  GPIOIntStatus                 
00001655  GPIOIntTypeSet                
00000f7d  GPIOPadConfigSet              
000016ad  GPIOPinConfigure              
00001971  GPIOPinTypeGPIOInput          
00001983  GPIOPinTypePWM                
00001995  GPIOPinTypeUART               
000004af  GPIO_INT_Handler              
20000240  INICIAL                       
000014bd  IntDisable                    
00001525  IntEnable                     
000019dd  IntMasterEnable               
00001889  IntPrioritySet                
000005f9  Int_MOV_ESTADO0               
000009a1  Int_MOV_ESTADO2               
00000789  Int_RECORRIDO_ESTADO2         
20000558  Load                          
20000334  ME                            
000009f5  Maquina_estado                
2000055c  PWMClk                        
000018ad  PWMGenConfigure               
00001a5b  PWMGenEnable                  
000019ed  PWMGenPeriodSet               
000019a7  PWMOutputState                
00001911  PWMPulseWidthSet              
000002e9  PWM_Config                    
2000032c  Posicion_Maquina              
00001a67  ResetISR                      
00000b2d  Servo_Base                    
00000b85  Servo_Brazo                   
00000be5  Servo_Mano                    
000010b1  SysCtlClockGet                
000012bd  SysCtlClockSet                
00001a9d  SysCtlDelay                   
00001949  SysCtlPWMClockSet             
000017fd  SysCtlPeripheralEnable        
20000320  T                             
000015f5  TimerConfigure                
00001931  TimerDisable                  
00001a0b  TimerEnable                   
00001aa3  TimerIntClear                 
00001a87  TimerIntEnable                
000019b9  TimerLoadSet                  
000003df  Timer_Config                  
00001a19  UARTCharGetNonBlocking        
00001a73  UARTCharPut                   
00001a27  UARTCharsAvail                
000016f5  UARTConfigSetExpClk           
000018d1  UARTDisable                   
0000195d  UARTEnable                    
00001aa7  UARTIntClear                  
00001a8f  UARTIntEnable                 
0000052f  UARTIntHandler                
00001a7d  UARTIntStatus                 
00000397  UART_Config                   
20000558  __STACK_END                   
00000200  __STACK_SIZE                  
20000558  __STACK_TOP                   
00001d80  __TI_CINIT_Base               
00001d90  __TI_CINIT_Limit              
00001d68  __TI_Handler_Table_Base       
00001d74  __TI_Handler_Table_Limit      
0000173d  __TI_auto_init_nobinit_nopinit
0000158d  __TI_decompress_lzss          
00001a35  __TI_decompress_none          
ffffffff  __TI_pprof_out_hndl           
ffffffff  __TI_prof_data_size           
ffffffff  __TI_prof_data_start          
00000000  __TI_static_base__            
000019cb  __TI_zero_init_nomemset       
0000144d  __aeabi_d2f                   
00001781  __aeabi_d2uiz                 
00000c9b  __aeabi_dadd                  
00000e47  __aeabi_ddiv                  
000011c1  __aeabi_dmul                  
00000c91  __aeabi_dsub                  
00001831  __aeabi_i2d                   
000013b1  __aeabi_memcpy                
000013b1  __aeabi_memcpy4               
000013b1  __aeabi_memcpy8               
000018f1  __aeabi_ui2d                  
ffffffff  __binit__                     
ffffffff  __c_args__                    
UNDEFED   __mpu_init                    
20000358  __stack                       
000017c5  _c_int00_noargs               
UNDEFED   _system_post_cinit            
00001aab  _system_pre_init              
00001aaf  abort                         
ffffffff  binit                         
20000304  carga                         
20000314  conteo                        
20000560  dato                          
00000000  g_pfnVectors                  
20000310  i                             
000009dd  main                          
000013b1  memcpy                        
2000030c  pos                           
20000328  pulso                         
20000330  tiempo                        


GLOBAL SYMBOLS: SORTED BY Symbol Address 

address   name                          
-------   ----                          
00000000  __TI_static_base__            
00000000  g_pfnVectors                  
00000200  __STACK_SIZE                  
0000026d  Configuracion                 
000002e9  PWM_Config                    
00000397  UART_Config                   
000003df  Timer_Config                  
000004af  GPIO_INT_Handler              
0000052f  UARTIntHandler                
000005f9  Int_MOV_ESTADO0               
00000789  Int_RECORRIDO_ESTADO2         
000009a1  Int_MOV_ESTADO2               
000009dd  main                          
000009f5  Maquina_estado                
00000a31  Estado1                       
00000aff  Estado2                       
00000b2d  Servo_Base                    
00000b85  Servo_Brazo                   
00000be5  Servo_Mano                    
00000c91  __aeabi_dsub                  
00000c9b  __aeabi_dadd                  
00000e47  __aeabi_ddiv                  
00000f7d  GPIOPadConfigSet              
000010b1  SysCtlClockGet                
000011c1  __aeabi_dmul                  
000012bd  SysCtlClockSet                
000013b1  __aeabi_memcpy                
000013b1  __aeabi_memcpy4               
000013b1  __aeabi_memcpy8               
000013b1  memcpy                        
0000144d  __aeabi_d2f                   
000014bd  IntDisable                    
00001525  IntEnable                     
0000158d  __TI_decompress_lzss          
000015f5  TimerConfigure                
00001655  GPIOIntTypeSet                
000016ad  GPIOPinConfigure              
000016f5  UARTConfigSetExpClk           
0000173d  __TI_auto_init_nobinit_nopinit
00001781  __aeabi_d2uiz                 
000017c5  _c_int00_noargs               
000017fd  SysCtlPeripheralEnable        
00001831  __aeabi_i2d                   
0000185f  GPIODirModeSet                
00001889  IntPrioritySet                
000018ad  PWMGenConfigure               
000018d1  UARTDisable                   
000018f1  __aeabi_ui2d                  
00001911  PWMPulseWidthSet              
00001931  TimerDisable                  
00001949  SysCtlPWMClockSet             
0000195d  UARTEnable                    
00001971  GPIOPinTypeGPIOInput          
00001983  GPIOPinTypePWM                
00001995  GPIOPinTypeUART               
000019a7  PWMOutputState                
000019b9  TimerLoadSet                  
000019cb  __TI_zero_init_nomemset       
000019dd  IntMasterEnable               
000019ed  PWMGenPeriodSet               
000019fd  GPIOIntStatus                 
00001a0b  TimerEnable                   
00001a19  UARTCharGetNonBlocking        
00001a27  UARTCharsAvail                
00001a35  __TI_decompress_none          
00001a43  CPUcpsie                      
00001a4f  GPIOIntEnable                 
00001a5b  PWMGenEnable                  
00001a67  ResetISR                      
00001a73  UARTCharPut                   
00001a7d  UARTIntStatus                 
00001a87  TimerIntEnable                
00001a8f  UARTIntEnable                 
00001a97  GPIOIntClear                  
00001a9d  SysCtlDelay                   
00001aa3  TimerIntClear                 
00001aa7  UARTIntClear                  
00001aab  _system_pre_init              
00001aaf  C$$EXIT                       
00001aaf  abort                         
00001d68  __TI_Handler_Table_Base       
00001d74  __TI_Handler_Table_Limit      
00001d80  __TI_CINIT_Base               
00001d90  __TI_CINIT_Limit              
20000000  CAJA1                         
200000c0  CAJA2                         
20000180  CAJA3                         
20000240  INICIAL                       
20000300  Ang1                          
20000301  Ang2                          
20000302  Ang3                          
20000304  carga                         
20000308  Frequency                     
2000030c  pos                           
20000310  i                             
20000314  conteo                        
20000318  CONTROL                       
20000320  T                             
20000328  pulso                         
2000032c  Posicion_Maquina              
20000330  tiempo                        
20000334  ME                            
20000358  __stack                       
20000558  Load                          
20000558  __STACK_END                   
20000558  __STACK_TOP                   
2000055c  PWMClk                        
20000560  dato                          
ffffffff  __TI_pprof_out_hndl           
ffffffff  __TI_prof_data_size           
ffffffff  __TI_prof_data_start          
ffffffff  __binit__                     
ffffffff  __c_args__                    
ffffffff  binit                         
UNDEFED   __mpu_init                    
UNDEFED   _system_post_cinit            

[116 symbols]
