******************************************************************************
                  TI ARM Linker PC v18.1.2                     
******************************************************************************
>> Linked Tue Oct  9 01:36:22 2018

OUTPUT FILE NAME:   <Practica_Boxeador.out>
ENTRY POINT SYMBOL: "_c_int00_noargs"  address: 00001849


MEMORY CONFIGURATION

         name            origin    length      used     unused   attr    fill
----------------------  --------  ---------  --------  --------  ----  --------
  FLASH                 00000000   00040000  00001e0e  0003e1f2  R  X
  SRAM                  20000000   00008000  0000056d  00007a93  RW X


SEGMENT ALLOCATION MAP

run origin  load origin   length   init length attrs members
----------  ----------- ---------- ----------- ----- -------
00000000    00000000    00001e10   00001e10    r-x
  00000000    00000000    0000026c   0000026c    r-- .intvecs
  0000026c    0000026c    000018ca   000018ca    r-x .text
  00001b38    00001b38    00000208   00000208    r-- .const
  00001d40    00001d40    000000d0   000000d0    r-- .cinit
20000000    20000000    00000571   00000000    rw-
  20000000    20000000    00000364   00000000    rw- .data
  20000368    20000368    00000200   00000000    rw- .stack
  20000568    20000568    00000009   00000000    rw- .bss


SECTION ALLOCATION MAP

 output                                  attributes/
section   page    origin      length       input sections
--------  ----  ----------  ----------   ----------------
.intvecs   0    00000000    0000026c     
                  00000000    0000026c     tm4c123gh6pm_startup_ccs.obj (.intvecs)

.text      0    0000026c    000018ca     
                  0000026c    00000aa8     main.obj (.text)
                  00000d14    000001b6     rtsv7M4_T_le_v4SPD16_eabi.lib : fd_add_t2.asm.obj (.text)
                  00000eca    00000136                                   : fd_div_t2.asm.obj (.text)
                  00001000    00000132     driverlib.lib : gpio.obj (.text:GPIOPadConfigSet)
                  00001132    00000002     --HOLE-- [fill = 0]
                  00001134    00000110                   : sysctl.obj (.text:SysCtlClockGet)
                  00001244    000000fc     rtsv7M4_T_le_v4SPD16_eabi.lib : fd_mul_t2.asm.obj (.text)
                  00001340    000000f4     driverlib.lib : sysctl.obj (.text:SysCtlClockSet)
                  00001434    0000009c     rtsv7M4_T_le_v4SPD16_eabi.lib : memcpy_t2.asm.obj (.text)
                  000014d0    0000006e                                   : fd_tos_t2.asm.obj (.text)
                  0000153e    00000002     --HOLE-- [fill = 0]
                  00001540    00000068     driverlib.lib : interrupt.obj (.text:IntDisable)
                  000015a8    00000068                   : interrupt.obj (.text:IntEnable)
                  00001610    00000068     rtsv7M4_T_le_v4SPD16_eabi.lib : copy_decompress_lzss.c.obj (.text:decompress:lzss:__TI_decompress_lzss)
                  00001678    00000060     driverlib.lib : timer.obj (.text:TimerConfigure)
                  000016d8    00000056                   : gpio.obj (.text:GPIOIntTypeSet)
                  0000172e    00000002     --HOLE-- [fill = 0]
                  00001730    00000048                   : gpio.obj (.text:GPIOPinConfigure)
                  00001778    00000046                   : uart.obj (.text:UARTConfigSetExpClk)
                  000017be    00000002     --HOLE-- [fill = 0]
                  000017c0    00000044     rtsv7M4_T_le_v4SPD16_eabi.lib : autoinit.c.obj (.text:__TI_auto_init_nobinit_nopinit:__TI_auto_init_nobinit_nopinit)
                  00001804    00000044                                   : fd_tou_t2.asm.obj (.text)
                  00001848    00000038                                   : boot_cortex_m.c.obj (.text:_c_int00_noargs:_c_int00_noargs)
                  00001880    00000034     driverlib.lib : sysctl.obj (.text:SysCtlPeripheralEnable)
                  000018b4    0000002e     rtsv7M4_T_le_v4SPD16_eabi.lib : i_tofd_t2.asm.obj (.text)
                  000018e2    0000002a     driverlib.lib : gpio.obj (.text:GPIODirModeSet)
                  0000190c    00000024                   : interrupt.obj (.text:IntPrioritySet)
                  00001930    00000022                   : pwm.obj (.text:PWMGenConfigure)
                  00001952    00000002     --HOLE-- [fill = 0]
                  00001954    00000020                   : uart.obj (.text:UARTDisable)
                  00001974    00000020     rtsv7M4_T_le_v4SPD16_eabi.lib : u_tofd_t2.asm.obj (.text)
                  00001994    0000001e     driverlib.lib : pwm.obj (.text:PWMPulseWidthSet)
                  000019b2    00000002     --HOLE-- [fill = 0]
                  000019b4    00000018                   : timer.obj (.text:TimerDisable)
                  000019cc    00000014                   : sysctl.obj (.text:SysCtlPWMClockSet)
                  000019e0    00000014                   : uart.obj (.text:UARTEnable)
                  000019f4    00000012                   : gpio.obj (.text:GPIOPinTypeGPIOInput)
                  00001a06    00000012                   : gpio.obj (.text:GPIOPinTypePWM)
                  00001a18    00000012                   : gpio.obj (.text:GPIOPinTypeUART)
                  00001a2a    00000012                   : pwm.obj (.text:PWMOutputState)
                  00001a3c    00000012                   : timer.obj (.text:TimerLoadSet)
                  00001a4e    00000012     rtsv7M4_T_le_v4SPD16_eabi.lib : copy_zero_init.c.obj (.text:decompress:ZI:__TI_zero_init_nomemset:__TI_zero_init_nomemset)
                  00001a60    00000010     driverlib.lib : interrupt.obj (.text:IntMasterEnable)
                  00001a70    00000010                   : pwm.obj (.text:PWMGenPeriodSet)
                  00001a80    0000000e                   : gpio.obj (.text:GPIOIntStatus)
                  00001a8e    0000000e                   : timer.obj (.text:TimerEnable)
                  00001a9c    0000000e                   : uart.obj (.text:UARTCharGetNonBlocking)
                  00001aaa    0000000e                   : uart.obj (.text:UARTCharsAvail)
                  00001ab8    0000000e     rtsv7M4_T_le_v4SPD16_eabi.lib : copy_decompress_none.c.obj (.text:decompress:none:__TI_decompress_none)
                  00001ac6    0000000c     driverlib.lib : cpu.obj (.text:CPUcpsie)
                  00001ad2    0000000c                   : gpio.obj (.text:GPIOIntEnable)
                  00001ade    0000000c                   : pwm.obj (.text:PWMGenEnable)
                  00001aea    0000000c     tm4c123gh6pm_startup_ccs.obj (.text)
                  00001af6    0000000a     driverlib.lib : uart.obj (.text:UARTCharPut)
                  00001b00    0000000a                   : uart.obj (.text:UARTIntStatus)
                  00001b0a    00000008                   : timer.obj (.text:TimerIntEnable)
                  00001b12    00000008                   : uart.obj (.text:UARTIntEnable)
                  00001b1a    00000006                   : gpio.obj (.text:GPIOIntClear)
                  00001b20    00000006                   : sysctl.obj (.text:SysCtlDelay)
                  00001b26    00000004                   : timer.obj (.text:TimerIntClear)
                  00001b2a    00000004                   : uart.obj (.text:UARTIntClear)
                  00001b2e    00000004     rtsv7M4_T_le_v4SPD16_eabi.lib : pre_init.c.obj (.text:_system_pre_init)
                  00001b32    00000004                                   : exit.c.obj (.text:abort:abort)

.const     0    00001b38    00000208     
                  00001b38    0000009c     driverlib.lib : interrupt.obj (.const:g_pui32Regs)
                  00001bd4    00000090                   : gpio.obj (.const:g_pui32GPIOBaseAddrs)
                  00001c64    00000070                   : interrupt.obj (.const)
                  00001cd4    0000006c                   : sysctl.obj (.const:g_pui32Xtals)

.cinit     0    00001d40    000000d0     
                  00001d40    000000a6     (.cinit..data.load) [load image, compression = lzss]
                  00001de6    00000002     --HOLE-- [fill = 0]
                  00001de8    0000000c     (__TI_handler_table)
                  00001df4    00000004     --HOLE-- [fill = 0]
                  00001df8    00000008     (.cinit..bss.load) [load image, compression = zero_init]
                  00001e00    00000010     (__TI_cinit_table)

.init_array 
*          0    00000000    00000000     UNINITIALIZED

.data      0    20000000    00000364     UNINITIALIZED
                  20000000    000000c0     main.obj (.data:CAJA1)
                  200000c0    000000c0     main.obj (.data:CAJA2)
                  20000180    000000c0     main.obj (.data:CAJA3)
                  20000240    000000c0     main.obj (.data:INICIAL)
                  20000300    00000040     main.obj (.data)
                  20000340    00000024     main.obj (.data:ME)

.bss       0    20000568    00000009     UNINITIALIZED
                  20000568    00000004     (.common:Load)
                  2000056c    00000004     (.common:PWMClk)
                  20000570    00000001     (.common:dato)

.stack     0    20000368    00000200     UNINITIALIZED
                  20000368    00000004     rtsv7M4_T_le_v4SPD16_eabi.lib : boot_cortex_m.c.obj (.stack)
                  2000036c    000001fc     --HOLE--

MODULE SUMMARY

       Module                         code   ro data   rw data
       ------                         ----   -------   -------
    .\
       main.obj                       2728   0         877    
       tm4c123gh6pm_startup_ccs.obj   12     620       0      
    +--+------------------------------+------+---------+---------+
       Total:                         2740   620       877    
                                                              
    ../driverlib.lib
       gpio.obj                       592    144       0      
       sysctl.obj                     594    108       0      
       interrupt.obj                  260    268       0      
       uart.obj                       182    0         0      
       timer.obj                      164    0         0      
       pwm.obj                        110    0         0      
       cpu.obj                        12     0         0      
    +--+------------------------------+------+---------+---------+
       Total:                         1914   520       0      
                                                              
    C:\ti\ccsv8\tools\compiler\ti-cgt-arm_18.1.2.LTS\lib\rtsv7M4_T_le_v4SPD16_eabi.lib
       fd_add_t2.asm.obj              438    0         0      
       fd_div_t2.asm.obj              310    0         0      
       fd_mul_t2.asm.obj              252    0         0      
       memcpy_t2.asm.obj              156    0         0      
       fd_tos_t2.asm.obj              110    0         0      
       copy_decompress_lzss.c.obj     104    0         0      
       autoinit.c.obj                 68     0         0      
       fd_tou_t2.asm.obj              68     0         0      
       boot_cortex_m.c.obj            56     0         0      
       i_tofd_t2.asm.obj              46     0         0      
       u_tofd_t2.asm.obj              32     0         0      
       copy_zero_init.c.obj           18     0         0      
       copy_decompress_none.c.obj     14     0         0      
       exit.c.obj                     4      0         0      
       pre_init.c.obj                 4      0         0      
    +--+------------------------------+------+---------+---------+
       Total:                         1680   0         0      
                                                              
       Stack:                         0      0         512    
       Linker Generated:              0      202       0      
    +--+------------------------------+------+---------+---------+
       Grand Total:                   6334   1342      1389   


LINKER GENERATED COPY TABLES

__TI_cinit_table @ 00001e00 records: 2, size/record: 8, table size: 16
	.data: load addr=00001d40, load size=000000a6 bytes, run addr=20000000, run size=00000364 bytes, compression=lzss
	.bss: load addr=00001df8, load size=00000008 bytes, run addr=20000568, run size=00000009 bytes, compression=zero_init


LINKER GENERATED HANDLER TABLE

__TI_handler_table @ 00001de8 records: 3, size/record: 4, table size: 12
	index: 0, handler: __TI_decompress_lzss
	index: 1, handler: __TI_decompress_none
	index: 2, handler: __TI_zero_init


GLOBAL SYMBOLS: SORTED ALPHABETICALLY BY Name 

address   name                          
-------   ----                          
20000300  Ang1                          
20000301  Ang2                          
20000302  Ang3                          
00001b33  C$$EXIT                       
20000000  CAJA1                         
200000c0  CAJA2                         
20000180  CAJA3                         
20000318  CONTROL                       
00001ac7  CPUcpsie                      
0000026d  Configuracion                 
20000334  ControlAng1                   
20000338  ControlAng2                   
2000033c  ControlAng3                   
000009ed  Estado1                       
00000ac3  Estado2                       
20000308  Frequency                     
000018e3  GPIODirModeSet                
00001b1b  GPIOIntClear                  
00001ad3  GPIOIntEnable                 
00001a81  GPIOIntStatus                 
000016d9  GPIOIntTypeSet                
00001001  GPIOPadConfigSet              
00001731  GPIOPinConfigure              
000019f5  GPIOPinTypeGPIOInput          
00001a07  GPIOPinTypePWM                
00001a19  GPIOPinTypeUART               
000004af  GPIO_INT_Handler              
20000240  INICIAL                       
00001541  IntDisable                    
000015a9  IntEnable                     
00001a61  IntMasterEnable               
0000190d  IntPrioritySet                
0000061d  Int_MOV_ESTADO0               
00000945  Int_MOV_ESTADO2               
00000749  Int_RECORRIDO_ESTADO2         
20000568  Load                          
20000340  ME                            
000009a5  Maquina_estado                
2000056c  PWMClk                        
00001931  PWMGenConfigure               
00001adf  PWMGenEnable                  
00001a71  PWMGenPeriodSet               
00001a2b  PWMOutputState                
00001995  PWMPulseWidthSet              
000002e9  PWM_Config                    
00000c19  Posicion_Inicial              
2000032c  Posicion_Maquina              
00001aeb  ResetISR                      
00000af1  Servo_Base                    
00000b4f  Servo_Brazo                   
00000bb5  Servo_Mano                    
00001135  SysCtlClockGet                
00001341  SysCtlClockSet                
00001b21  SysCtlDelay                   
000019cd  SysCtlPWMClockSet             
00001881  SysCtlPeripheralEnable        
20000320  T                             
00001679  TimerConfigure                
000019b5  TimerDisable                  
00001a8f  TimerEnable                   
00001b27  TimerIntClear                 
00001b0b  TimerIntEnable                
00001a3d  TimerLoadSet                  
000003df  Timer_Config                  
00001a9d  UARTCharGetNonBlocking        
00001af7  UARTCharPut                   
00001aab  UARTCharsAvail                
00001779  UARTConfigSetExpClk           
00001955  UARTDisable                   
000019e1  UARTEnable                    
00001b2b  UARTIntClear                  
00001b13  UARTIntEnable                 
0000052f  UARTIntHandler                
00001b01  UARTIntStatus                 
00000397  UART_Config                   
20000568  __STACK_END                   
00000200  __STACK_SIZE                  
20000568  __STACK_TOP                   
00001e00  __TI_CINIT_Base               
00001e10  __TI_CINIT_Limit              
00001de8  __TI_Handler_Table_Base       
00001df4  __TI_Handler_Table_Limit      
000017c1  __TI_auto_init_nobinit_nopinit
00001611  __TI_decompress_lzss          
00001ab9  __TI_decompress_none          
ffffffff  __TI_pprof_out_hndl           
ffffffff  __TI_prof_data_size           
ffffffff  __TI_prof_data_start          
00000000  __TI_static_base__            
00001a4f  __TI_zero_init_nomemset       
000014d1  __aeabi_d2f                   
00001805  __aeabi_d2uiz                 
00000d1f  __aeabi_dadd                  
00000ecb  __aeabi_ddiv                  
00001245  __aeabi_dmul                  
00000d15  __aeabi_dsub                  
000018b5  __aeabi_i2d                   
00001435  __aeabi_memcpy                
00001435  __aeabi_memcpy4               
00001435  __aeabi_memcpy8               
00001975  __aeabi_ui2d                  
ffffffff  __binit__                     
ffffffff  __c_args__                    
UNDEFED   __mpu_init                    
20000368  __stack                       
00001849  _c_int00_noargs               
UNDEFED   _system_post_cinit            
00001b2f  _system_pre_init              
00001b33  abort                         
ffffffff  binit                         
20000304  carga                         
20000314  conteo                        
20000570  dato                          
00000000  g_pfnVectors                  
20000310  i                             
0000097d  main                          
00001435  memcpy                        
2000030c  pos                           
20000328  pulso                         
20000330  tiempo                        


GLOBAL SYMBOLS: SORTED BY Symbol Address 

address   name                          
-------   ----                          
00000000  __TI_static_base__            
00000000  g_pfnVectors                  
00000200  __STACK_SIZE                  
0000026d  Configuracion                 
000002e9  PWM_Config                    
00000397  UART_Config                   
000003df  Timer_Config                  
000004af  GPIO_INT_Handler              
0000052f  UARTIntHandler                
0000061d  Int_MOV_ESTADO0               
00000749  Int_RECORRIDO_ESTADO2         
00000945  Int_MOV_ESTADO2               
0000097d  main                          
000009a5  Maquina_estado                
000009ed  Estado1                       
00000ac3  Estado2                       
00000af1  Servo_Base                    
00000b4f  Servo_Brazo                   
00000bb5  Servo_Mano                    
00000c19  Posicion_Inicial              
00000d15  __aeabi_dsub                  
00000d1f  __aeabi_dadd                  
00000ecb  __aeabi_ddiv                  
00001001  GPIOPadConfigSet              
00001135  SysCtlClockGet                
00001245  __aeabi_dmul                  
00001341  SysCtlClockSet                
00001435  __aeabi_memcpy                
00001435  __aeabi_memcpy4               
00001435  __aeabi_memcpy8               
00001435  memcpy                        
000014d1  __aeabi_d2f                   
00001541  IntDisable                    
000015a9  IntEnable                     
00001611  __TI_decompress_lzss          
00001679  TimerConfigure                
000016d9  GPIOIntTypeSet                
00001731  GPIOPinConfigure              
00001779  UARTConfigSetExpClk           
000017c1  __TI_auto_init_nobinit_nopinit
00001805  __aeabi_d2uiz                 
00001849  _c_int00_noargs               
00001881  SysCtlPeripheralEnable        
000018b5  __aeabi_i2d                   
000018e3  GPIODirModeSet                
0000190d  IntPrioritySet                
00001931  PWMGenConfigure               
00001955  UARTDisable                   
00001975  __aeabi_ui2d                  
00001995  PWMPulseWidthSet              
000019b5  TimerDisable                  
000019cd  SysCtlPWMClockSet             
000019e1  UARTEnable                    
000019f5  GPIOPinTypeGPIOInput          
00001a07  GPIOPinTypePWM                
00001a19  GPIOPinTypeUART               
00001a2b  PWMOutputState                
00001a3d  TimerLoadSet                  
00001a4f  __TI_zero_init_nomemset       
00001a61  IntMasterEnable               
00001a71  PWMGenPeriodSet               
00001a81  GPIOIntStatus                 
00001a8f  TimerEnable                   
00001a9d  UARTCharGetNonBlocking        
00001aab  UARTCharsAvail                
00001ab9  __TI_decompress_none          
00001ac7  CPUcpsie                      
00001ad3  GPIOIntEnable                 
00001adf  PWMGenEnable                  
00001aeb  ResetISR                      
00001af7  UARTCharPut                   
00001b01  UARTIntStatus                 
00001b0b  TimerIntEnable                
00001b13  UARTIntEnable                 
00001b1b  GPIOIntClear                  
00001b21  SysCtlDelay                   
00001b27  TimerIntClear                 
00001b2b  UARTIntClear                  
00001b2f  _system_pre_init              
00001b33  C$$EXIT                       
00001b33  abort                         
00001de8  __TI_Handler_Table_Base       
00001df4  __TI_Handler_Table_Limit      
00001e00  __TI_CINIT_Base               
00001e10  __TI_CINIT_Limit              
20000000  CAJA1                         
200000c0  CAJA2                         
20000180  CAJA3                         
20000240  INICIAL                       
20000300  Ang1                          
20000301  Ang2                          
20000302  Ang3                          
20000304  carga                         
20000308  Frequency                     
2000030c  pos                           
20000310  i                             
20000314  conteo                        
20000318  CONTROL                       
20000320  T                             
20000328  pulso                         
2000032c  Posicion_Maquina              
20000330  tiempo                        
20000334  ControlAng1                   
20000338  ControlAng2                   
2000033c  ControlAng3                   
20000340  ME                            
20000368  __stack                       
20000568  Load                          
20000568  __STACK_END                   
20000568  __STACK_TOP                   
2000056c  PWMClk                        
20000570  dato                          
ffffffff  __TI_pprof_out_hndl           
ffffffff  __TI_prof_data_size           
ffffffff  __TI_prof_data_start          
ffffffff  __binit__                     
ffffffff  __c_args__                    
ffffffff  binit                         
UNDEFED   __mpu_init                    
UNDEFED   _system_post_cinit            

[120 symbols]
