******************************************************************************
                  TI ARM Linker PC v18.1.2                     
******************************************************************************
>> Linked Sun Sep  2 00:21:03 2018

OUTPUT FILE NAME:   <Practica_3.out>
ENTRY POINT SYMBOL: "_c_int00_noargs"  address: 000007a1


MEMORY CONFIGURATION

         name            origin    length      used     unused   attr    fill
----------------------  --------  ---------  --------  --------  ----  --------
  FLASH                 00000000   00040000  00000a14  0003f5ec  R  X
  SRAM                  20000000   00008000  00000210  00007df0  RW X


SEGMENT ALLOCATION MAP

run origin  load origin   length   init length attrs members
----------  ----------- ---------- ----------- ----- -------
00000000    00000000    00000a18   00000a18    r-x
  00000000    00000000    0000026c   0000026c    r-- .intvecs
  0000026c    0000026c    00000684   00000684    r-x .text
  000008f0    000008f0    0000010c   0000010c    r-- .const
  00000a00    00000a00    00000018   00000018    r-- .cinit
20000000    20000000    00000210   00000000    rw-
  20000000    20000000    00000200   00000000    rw- .stack
  20000200    20000200    00000010   00000000    rw- .data


SECTION ALLOCATION MAP

 output                                  attributes/
section   page    origin      length       input sections
--------  ----  ----------  ----------   ----------------
.intvecs   0    00000000    0000026c     
                  00000000    0000026c     tm4c123gh6pm_startup_ccs.obj (.intvecs)

.text      0    0000026c    00000684     
                  0000026c    00000132     driverlib.lib : gpio.obj (.text:GPIOPadConfigSet)
                  0000039e    00000002     --HOLE-- [fill = 0]
                  000003a0    00000104     main.obj (.text)
                  000004a4    000000f4     driverlib.lib : sysctl.obj (.text:SysCtlClockSet)
                  00000598    0000009c     rtsv7M4_T_le_v4SPD16_eabi.lib : memcpy_t2.asm.obj (.text)
                  00000634    00000068     driverlib.lib : interrupt.obj (.text:IntEnable)
                  0000069c    00000068     rtsv7M4_T_le_v4SPD16_eabi.lib : copy_decompress_lzss.c.obj (.text:decompress:lzss:__TI_decompress_lzss)
                  00000704    00000056     driverlib.lib : gpio.obj (.text:GPIOIntTypeSet)
                  0000075a    00000002     --HOLE-- [fill = 0]
                  0000075c    00000044     rtsv7M4_T_le_v4SPD16_eabi.lib : autoinit.c.obj (.text:__TI_auto_init_nobinit_nopinit:__TI_auto_init_nobinit_nopinit)
                  000007a0    00000038                                   : boot_cortex_m.c.obj (.text:_c_int00_noargs:_c_int00_noargs)
                  000007d8    00000034     driverlib.lib : sysctl.obj (.text:SysCtlPeripheralEnable)
                  0000080c    0000002a                   : gpio.obj (.text:GPIODirModeSet)
                  00000836    00000002     --HOLE-- [fill = 0]
                  00000838    00000024                   : interrupt.obj (.text:IntPrioritySet)
                  0000085c    00000018                   : gpio.obj (.text:GPIOPinTypeGPIOOutput)
                  00000874    00000012                   : gpio.obj (.text:GPIOPinTypeGPIOInput)
                  00000886    00000010                   : interrupt.obj (.text:IntMasterEnable)
                  00000896    0000000e                   : gpio.obj (.text:GPIOIntStatus)
                  000008a4    0000000e     rtsv7M4_T_le_v4SPD16_eabi.lib : copy_decompress_none.c.obj (.text:decompress:none:__TI_decompress_none)
                  000008b2    0000000c     driverlib.lib : cpu.obj (.text:CPUcpsie)
                  000008be    0000000c                   : gpio.obj (.text:GPIOIntEnable)
                  000008ca    0000000c     tm4c123gh6pm_startup_ccs.obj (.text)
                  000008d6    00000006     driverlib.lib : gpio.obj (.text:GPIOIntClear)
                  000008dc    00000006                   : gpio.obj (.text:GPIOPinWrite)
                  000008e2    00000006                   : sysctl.obj (.text:SysCtlDelay)
                  000008e8    00000004     rtsv7M4_T_le_v4SPD16_eabi.lib : pre_init.c.obj (.text:_system_pre_init)
                  000008ec    00000004                                   : exit.c.obj (.text:abort:abort)

.const     0    000008f0    0000010c     
                  000008f0    0000009c     driverlib.lib : interrupt.obj (.const:g_pui32Regs)
                  0000098c    00000070                   : interrupt.obj (.const)

.cinit     0    00000a00    00000018     
                  00000a00    00000008     (__TI_handler_table)
                  00000a08    00000007     (.cinit..data.load) [load image, compression = lzss]
                  00000a0f    00000001     --HOLE-- [fill = 0]
                  00000a10    00000008     (__TI_cinit_table)

.init_array 
*          0    00000000    00000000     UNINITIALIZED

.data      0    20000200    00000010     UNINITIALIZED
                  20000200    00000010     main.obj (.data)

.stack     0    20000000    00000200     UNINITIALIZED
                  20000000    00000004     rtsv7M4_T_le_v4SPD16_eabi.lib : boot_cortex_m.c.obj (.stack)
                  20000004    000001fc     --HOLE--

MODULE SUMMARY

       Module                         code   ro data   rw data
       ------                         ----   -------   -------
    .\
       tm4c123gh6pm_startup_ccs.obj   12     620       0      
       main.obj                       260    0         16     
    +--+------------------------------+------+---------+---------+
       Total:                         272    620       16     
                                                              
    ../driverlib.lib
       gpio.obj                       514    0         0      
       interrupt.obj                  156    268       0      
       sysctl.obj                     302    0         0      
       cpu.obj                        12     0         0      
    +--+------------------------------+------+---------+---------+
       Total:                         984    268       0      
                                                              
    C:\ti\ccsv8\tools\compiler\ti-cgt-arm_18.1.2.LTS\lib\rtsv7M4_T_le_v4SPD16_eabi.lib
       memcpy_t2.asm.obj              156    0         0      
       copy_decompress_lzss.c.obj     104    0         0      
       autoinit.c.obj                 68     0         0      
       boot_cortex_m.c.obj            56     0         0      
       copy_decompress_none.c.obj     14     0         0      
       exit.c.obj                     4      0         0      
       pre_init.c.obj                 4      0         0      
    +--+------------------------------+------+---------+---------+
       Total:                         406    0         0      
                                                              
       Stack:                         0      0         512    
       Linker Generated:              0      23        0      
    +--+------------------------------+------+---------+---------+
       Grand Total:                   1662   911       528    


LINKER GENERATED COPY TABLES

__TI_cinit_table @ 00000a10 records: 1, size/record: 8, table size: 8
	.data: load addr=00000a08, load size=00000007 bytes, run addr=20000200, run size=00000010 bytes, compression=lzss


LINKER GENERATED HANDLER TABLE

__TI_handler_table @ 00000a00 records: 2, size/record: 4, table size: 8
	index: 0, handler: __TI_decompress_lzss
	index: 1, handler: __TI_decompress_none


GLOBAL SYMBOLS: SORTED ALPHABETICALLY BY Name 

address   name                          
-------   ----                          
000008ed  C$$EXIT                       
000008b3  CPUcpsie                      
0000080d  GPIODirModeSet                
000008d7  GPIOIntClear                  
000008bf  GPIOIntEnable                 
00000897  GPIOIntStatus                 
00000705  GPIOIntTypeSet                
0000026d  GPIOPadConfigSet              
00000875  GPIOPinTypeGPIOInput          
0000085d  GPIOPinTypeGPIOOutput         
000008dd  GPIOPinWrite                  
000003a1  GPIO_INT_Handler              
00000635  IntEnable                     
00000887  IntMasterEnable               
00000839  IntPrioritySet                
20000204  PF0                           
20000208  PF4                           
20000200  RGB                           
000008cb  ResetISR                      
000004a5  SysCtlClockSet                
000008e3  SysCtlDelay                   
000007d9  SysCtlPeripheralEnable        
20000200  __STACK_END                   
00000200  __STACK_SIZE                  
20000200  __STACK_TOP                   
00000a10  __TI_CINIT_Base               
00000a18  __TI_CINIT_Limit              
00000a00  __TI_Handler_Table_Base       
00000a08  __TI_Handler_Table_Limit      
0000075d  __TI_auto_init_nobinit_nopinit
0000069d  __TI_decompress_lzss          
000008a5  __TI_decompress_none          
ffffffff  __TI_pprof_out_hndl           
ffffffff  __TI_prof_data_size           
ffffffff  __TI_prof_data_start          
00000000  __TI_static_base__            
00000599  __aeabi_memcpy                
00000599  __aeabi_memcpy4               
00000599  __aeabi_memcpy8               
ffffffff  __binit__                     
ffffffff  __c_args__                    
UNDEFED   __mpu_init                    
20000000  __stack                       
000007a1  _c_int00_noargs               
UNDEFED   _system_post_cinit            
000008e9  _system_pre_init              
000008ed  abort                         
ffffffff  binit                         
000003fd  configuracion                 
00000000  g_pfnVectors                  
0000043f  interupcion                   
00000467  main                          
00000599  memcpy                        
2000020c  statusInt                     


GLOBAL SYMBOLS: SORTED BY Symbol Address 

address   name                          
-------   ----                          
00000000  __TI_static_base__            
00000000  g_pfnVectors                  
00000200  __STACK_SIZE                  
0000026d  GPIOPadConfigSet              
000003a1  GPIO_INT_Handler              
000003fd  configuracion                 
0000043f  interupcion                   
00000467  main                          
000004a5  SysCtlClockSet                
00000599  __aeabi_memcpy                
00000599  __aeabi_memcpy4               
00000599  __aeabi_memcpy8               
00000599  memcpy                        
00000635  IntEnable                     
0000069d  __TI_decompress_lzss          
00000705  GPIOIntTypeSet                
0000075d  __TI_auto_init_nobinit_nopinit
000007a1  _c_int00_noargs               
000007d9  SysCtlPeripheralEnable        
0000080d  GPIODirModeSet                
00000839  IntPrioritySet                
0000085d  GPIOPinTypeGPIOOutput         
00000875  GPIOPinTypeGPIOInput          
00000887  IntMasterEnable               
00000897  GPIOIntStatus                 
000008a5  __TI_decompress_none          
000008b3  CPUcpsie                      
000008bf  GPIOIntEnable                 
000008cb  ResetISR                      
000008d7  GPIOIntClear                  
000008dd  GPIOPinWrite                  
000008e3  SysCtlDelay                   
000008e9  _system_pre_init              
000008ed  C$$EXIT                       
000008ed  abort                         
00000a00  __TI_Handler_Table_Base       
00000a08  __TI_Handler_Table_Limit      
00000a10  __TI_CINIT_Base               
00000a18  __TI_CINIT_Limit              
20000000  __stack                       
20000200  RGB                           
20000200  __STACK_END                   
20000200  __STACK_TOP                   
20000204  PF0                           
20000208  PF4                           
2000020c  statusInt                     
ffffffff  __TI_pprof_out_hndl           
ffffffff  __TI_prof_data_size           
ffffffff  __TI_prof_data_start          
ffffffff  __binit__                     
ffffffff  __c_args__                    
ffffffff  binit                         
UNDEFED   __mpu_init                    
UNDEFED   _system_post_cinit            

[54 symbols]
