******************************************************************************
                  TI ARM Linker PC v18.1.2                     
******************************************************************************
>> Linked Sun Oct  7 21:06:52 2018

OUTPUT FILE NAME:   <Practica_Boxeador.out>
ENTRY POINT SYMBOL: "_c_int00_noargs"  address: 00001761


MEMORY CONFIGURATION

         name            origin    length      used     unused   attr    fill
----------------------  --------  ---------  --------  --------  ----  --------
  FLASH                 00000000   00040000  00001c96  0003e36a  R  X
  SRAM                  20000000   00008000  00000555  00007aab  RW X


SEGMENT ALLOCATION MAP

run origin  load origin   length   init length attrs members
----------  ----------- ---------- ----------- ----- -------
00000000    00000000    00001c98   00001c98    r-x
  00000000    00000000    0000026c   0000026c    r-- .intvecs
  0000026c    0000026c    000017ca   000017ca    r-x .text
  00001a38    00001a38    00000208   00000208    r-- .const
  00001c40    00001c40    00000058   00000058    r-- .cinit
20000000    20000000    00000559   00000000    rw-
  20000000    20000000    0000034c   00000000    rw- .data
  20000350    20000350    00000200   00000000    rw- .stack
  20000550    20000550    00000009   00000000    rw- .bss


SECTION ALLOCATION MAP

 output                                  attributes/
section   page    origin      length       input sections
--------  ----  ----------  ----------   ----------------
.intvecs   0    00000000    0000026c     
                  00000000    0000026c     tm4c123gh6pm_startup_ccs.obj (.intvecs)

.text      0    0000026c    000017ca     
                  0000026c    000009c0     main.obj (.text)
                  00000c2c    000001b6     rtsv7M4_T_le_v4SPD16_eabi.lib : fd_add_t2.asm.obj (.text)
                  00000de2    00000136                                   : fd_div_t2.asm.obj (.text)
                  00000f18    00000132     driverlib.lib : gpio.obj (.text:GPIOPadConfigSet)
                  0000104a    00000002     --HOLE-- [fill = 0]
                  0000104c    00000110                   : sysctl.obj (.text:SysCtlClockGet)
                  0000115c    000000fc     rtsv7M4_T_le_v4SPD16_eabi.lib : fd_mul_t2.asm.obj (.text)
                  00001258    000000f4     driverlib.lib : sysctl.obj (.text:SysCtlClockSet)
                  0000134c    0000009c     rtsv7M4_T_le_v4SPD16_eabi.lib : memcpy_t2.asm.obj (.text)
                  000013e8    0000006e                                   : fd_tos_t2.asm.obj (.text)
                  00001456    00000002     --HOLE-- [fill = 0]
                  00001458    00000068     driverlib.lib : interrupt.obj (.text:IntDisable)
                  000014c0    00000068                   : interrupt.obj (.text:IntEnable)
                  00001528    00000068     rtsv7M4_T_le_v4SPD16_eabi.lib : copy_decompress_lzss.c.obj (.text:decompress:lzss:__TI_decompress_lzss)
                  00001590    00000060     driverlib.lib : timer.obj (.text:TimerConfigure)
                  000015f0    00000056                   : gpio.obj (.text:GPIOIntTypeSet)
                  00001646    00000002     --HOLE-- [fill = 0]
                  00001648    00000048                   : gpio.obj (.text:GPIOPinConfigure)
                  00001690    00000046                   : uart.obj (.text:UARTConfigSetExpClk)
                  000016d6    00000002     --HOLE-- [fill = 0]
                  000016d8    00000044     rtsv7M4_T_le_v4SPD16_eabi.lib : autoinit.c.obj (.text:__TI_auto_init_nobinit_nopinit:__TI_auto_init_nobinit_nopinit)
                  0000171c    00000044                                   : fd_tou_t2.asm.obj (.text)
                  00001760    00000038                                   : boot_cortex_m.c.obj (.text:_c_int00_noargs:_c_int00_noargs)
                  00001798    00000034     driverlib.lib : sysctl.obj (.text:SysCtlPeripheralEnable)
                  000017cc    0000002e     rtsv7M4_T_le_v4SPD16_eabi.lib : i_tofd_t2.asm.obj (.text)
                  000017fa    0000002a     driverlib.lib : gpio.obj (.text:GPIODirModeSet)
                  00001824    00000024                   : interrupt.obj (.text:IntPrioritySet)
                  00001848    00000022                   : pwm.obj (.text:PWMGenConfigure)
                  0000186a    00000002     --HOLE-- [fill = 0]
                  0000186c    00000020                   : uart.obj (.text:UARTDisable)
                  0000188c    00000020     rtsv7M4_T_le_v4SPD16_eabi.lib : u_tofd_t2.asm.obj (.text)
                  000018ac    0000001e     driverlib.lib : pwm.obj (.text:PWMPulseWidthSet)
                  000018ca    00000002     --HOLE-- [fill = 0]
                  000018cc    00000014                   : sysctl.obj (.text:SysCtlPWMClockSet)
                  000018e0    00000014                   : uart.obj (.text:UARTEnable)
                  000018f4    00000012                   : gpio.obj (.text:GPIOPinTypeGPIOInput)
                  00001906    00000012                   : gpio.obj (.text:GPIOPinTypePWM)
                  00001918    00000012                   : gpio.obj (.text:GPIOPinTypeUART)
                  0000192a    00000012                   : pwm.obj (.text:PWMOutputState)
                  0000193c    00000012                   : timer.obj (.text:TimerLoadSet)
                  0000194e    00000012     rtsv7M4_T_le_v4SPD16_eabi.lib : copy_zero_init.c.obj (.text:decompress:ZI:__TI_zero_init_nomemset:__TI_zero_init_nomemset)
                  00001960    00000010     driverlib.lib : interrupt.obj (.text:IntMasterEnable)
                  00001970    00000010                   : pwm.obj (.text:PWMGenPeriodSet)
                  00001980    0000000e                   : gpio.obj (.text:GPIOIntStatus)
                  0000198e    0000000e                   : timer.obj (.text:TimerEnable)
                  0000199c    0000000e                   : uart.obj (.text:UARTCharGetNonBlocking)
                  000019aa    0000000e                   : uart.obj (.text:UARTCharsAvail)
                  000019b8    0000000e     rtsv7M4_T_le_v4SPD16_eabi.lib : copy_decompress_none.c.obj (.text:decompress:none:__TI_decompress_none)
                  000019c6    0000000c     driverlib.lib : cpu.obj (.text:CPUcpsie)
                  000019d2    0000000c                   : gpio.obj (.text:GPIOIntEnable)
                  000019de    0000000c                   : pwm.obj (.text:PWMGenEnable)
                  000019ea    0000000c     tm4c123gh6pm_startup_ccs.obj (.text)
                  000019f6    0000000a     driverlib.lib : uart.obj (.text:UARTCharPut)
                  00001a00    0000000a                   : uart.obj (.text:UARTIntStatus)
                  00001a0a    00000008                   : timer.obj (.text:TimerIntEnable)
                  00001a12    00000008                   : uart.obj (.text:UARTIntEnable)
                  00001a1a    00000006                   : gpio.obj (.text:GPIOIntClear)
                  00001a20    00000006                   : sysctl.obj (.text:SysCtlDelay)
                  00001a26    00000004                   : timer.obj (.text:TimerIntClear)
                  00001a2a    00000004                   : uart.obj (.text:UARTIntClear)
                  00001a2e    00000004     rtsv7M4_T_le_v4SPD16_eabi.lib : pre_init.c.obj (.text:_system_pre_init)
                  00001a32    00000004                                   : exit.c.obj (.text:abort:abort)

.const     0    00001a38    00000208     
                  00001a38    0000009c     driverlib.lib : interrupt.obj (.const:g_pui32Regs)
                  00001ad4    00000090                   : gpio.obj (.const:g_pui32GPIOBaseAddrs)
                  00001b64    00000070                   : interrupt.obj (.const)
                  00001bd4    0000006c                   : sysctl.obj (.const:g_pui32Xtals)

.cinit     0    00001c40    00000058     
                  00001c40    00000030     (.cinit..data.load) [load image, compression = lzss]
                  00001c70    0000000c     (__TI_handler_table)
                  00001c7c    00000004     --HOLE-- [fill = 0]
                  00001c80    00000008     (.cinit..bss.load) [load image, compression = zero_init]
                  00001c88    00000010     (__TI_cinit_table)

.init_array 
*          0    00000000    00000000     UNINITIALIZED

.data      0    20000000    0000034c     UNINITIALIZED
                  20000000    000000c0     main.obj (.data:CAJA1)
                  200000c0    000000c0     main.obj (.data:CAJA2)
                  20000180    000000c0     main.obj (.data:CAJA3)
                  20000240    000000c0     main.obj (.data:INICIAL)
                  20000300    00000025     main.obj (.data)
                  20000325    00000003     --HOLE--
                  20000328    00000024     main.obj (.data:ME)

.bss       0    20000550    00000009     UNINITIALIZED
                  20000550    00000004     (.common:Load)
                  20000554    00000004     (.common:PWMClk)
                  20000558    00000001     (.common:dato)

.stack     0    20000350    00000200     UNINITIALIZED
                  20000350    00000004     rtsv7M4_T_le_v4SPD16_eabi.lib : boot_cortex_m.c.obj (.stack)
                  20000354    000001fc     --HOLE--

MODULE SUMMARY

       Module                         code   ro data   rw data
       ------                         ----   -------   -------
    .\
       main.obj                       2496   0         850    
       tm4c123gh6pm_startup_ccs.obj   12     620       0      
    +--+------------------------------+------+---------+---------+
       Total:                         2508   620       850    
                                                              
    ../driverlib.lib
       gpio.obj                       592    144       0      
       sysctl.obj                     594    108       0      
       interrupt.obj                  260    268       0      
       uart.obj                       182    0         0      
       timer.obj                      140    0         0      
       pwm.obj                        110    0         0      
       cpu.obj                        12     0         0      
    +--+------------------------------+------+---------+---------+
       Total:                         1890   520       0      
                                                              
    C:\ti\ccsv8\tools\compiler\ti-cgt-arm_18.1.2.LTS\lib\rtsv7M4_T_le_v4SPD16_eabi.lib
       fd_add_t2.asm.obj              438    0         0      
       fd_div_t2.asm.obj              310    0         0      
       fd_mul_t2.asm.obj              252    0         0      
       memcpy_t2.asm.obj              156    0         0      
       fd_tos_t2.asm.obj              110    0         0      
       copy_decompress_lzss.c.obj     104    0         0      
       autoinit.c.obj                 68     0         0      
       fd_tou_t2.asm.obj              68     0         0      
       boot_cortex_m.c.obj            56     0         0      
       i_tofd_t2.asm.obj              46     0         0      
       u_tofd_t2.asm.obj              32     0         0      
       copy_zero_init.c.obj           18     0         0      
       copy_decompress_none.c.obj     14     0         0      
       exit.c.obj                     4      0         0      
       pre_init.c.obj                 4      0         0      
    +--+------------------------------+------+---------+---------+
       Total:                         1680   0         0      
                                                              
       Stack:                         0      0         512    
       Linker Generated:              0      84        0      
    +--+------------------------------+------+---------+---------+
       Grand Total:                   6078   1224      1362   


LINKER GENERATED COPY TABLES

__TI_cinit_table @ 00001c88 records: 2, size/record: 8, table size: 16
	.data: load addr=00001c40, load size=00000030 bytes, run addr=20000000, run size=0000034c bytes, compression=lzss
	.bss: load addr=00001c80, load size=00000008 bytes, run addr=20000550, run size=00000009 bytes, compression=zero_init


LINKER GENERATED HANDLER TABLE

__TI_handler_table @ 00001c70 records: 3, size/record: 4, table size: 12
	index: 0, handler: __TI_decompress_lzss
	index: 1, handler: __TI_decompress_none
	index: 2, handler: __TI_zero_init


GLOBAL SYMBOLS: SORTED ALPHABETICALLY BY Name 

address   name                          
-------   ----                          
20000300  Ang1                          
20000301  Ang2                          
20000302  Ang3                          
00001a33  C$$EXIT                       
20000000  CAJA1                         
200000c0  CAJA2                         
20000180  CAJA3                         
20000314  CONTROL                       
000019c7  CPUcpsie                      
0000026d  Configuracion                 
000009d9  Estado1                       
00000aa3  Estado2                       
000017fb  GPIODirModeSet                
00001a1b  GPIOIntClear                  
000019d3  GPIOIntEnable                 
00001981  GPIOIntStatus                 
000015f1  GPIOIntTypeSet                
00000f19  GPIOPadConfigSet              
00001649  GPIOPinConfigure              
000018f5  GPIOPinTypeGPIOInput          
00001907  GPIOPinTypePWM                
00001919  GPIOPinTypeUART               
00000487  GPIO_INT_Handler              
20000240  INICIAL                       
00001459  IntDisable                    
000014c1  IntEnable                     
00001961  IntMasterEnable               
00001825  IntPrioritySet                
000005c5  Int_MOV_ESTADO0               
0000094d  Int_MOV_ESTADO2               
0000074d  Int_RECORRIDO_ESTADO2         
20000550  Load                          
20000328  ME                            
0000099d  Maquina_estado                
20000554  PWMClk                        
00001849  PWMGenConfigure               
000019df  PWMGenEnable                  
00001971  PWMGenPeriodSet               
0000192b  PWMOutputState                
000018ad  PWMPulseWidthSet              
000002d7  PWM_Config                    
20000324  Posicion_Maquina              
000019eb  ResetISR                      
00000acb  Servo_Base                    
00000b23  Servo_Brazo                   
00000b81  Servo_Mano                    
0000104d  SysCtlClockGet                
00001259  SysCtlClockSet                
00001a21  SysCtlDelay                   
000018cd  SysCtlPWMClockSet             
00001799  SysCtlPeripheralEnable        
20000318  T                             
00001591  TimerConfigure                
0000198f  TimerEnable                   
00001a27  TimerIntClear                 
00001a0b  TimerIntEnable                
0000193d  TimerLoadSet                  
000003cd  Timer_Config                  
0000199d  UARTCharGetNonBlocking        
000019f7  UARTCharPut                   
000019ab  UARTCharsAvail                
00001691  UARTConfigSetExpClk           
0000186d  UARTDisable                   
000018e1  UARTEnable                    
00001a2b  UARTIntClear                  
00001a13  UARTIntEnable                 
00000507  UARTIntHandler                
00001a01  UARTIntStatus                 
00000385  UART_Config                   
20000550  __STACK_END                   
00000200  __STACK_SIZE                  
20000550  __STACK_TOP                   
00001c88  __TI_CINIT_Base               
00001c98  __TI_CINIT_Limit              
00001c70  __TI_Handler_Table_Base       
00001c7c  __TI_Handler_Table_Limit      
000016d9  __TI_auto_init_nobinit_nopinit
00001529  __TI_decompress_lzss          
000019b9  __TI_decompress_none          
ffffffff  __TI_pprof_out_hndl           
ffffffff  __TI_prof_data_size           
ffffffff  __TI_prof_data_start          
00000000  __TI_static_base__            
0000194f  __TI_zero_init_nomemset       
000013e9  __aeabi_d2f                   
0000171d  __aeabi_d2uiz                 
00000c37  __aeabi_dadd                  
00000de3  __aeabi_ddiv                  
0000115d  __aeabi_dmul                  
00000c2d  __aeabi_dsub                  
000017cd  __aeabi_i2d                   
0000134d  __aeabi_memcpy                
0000134d  __aeabi_memcpy4               
0000134d  __aeabi_memcpy8               
0000188d  __aeabi_ui2d                  
ffffffff  __binit__                     
ffffffff  __c_args__                    
UNDEFED   __mpu_init                    
20000350  __stack                       
00001761  _c_int00_noargs               
UNDEFED   _system_post_cinit            
00001a2f  _system_pre_init              
00001a33  abort                         
ffffffff  binit                         
20000304  carga                         
20000310  conteo                        
20000558  dato                          
00000000  g_pfnVectors                  
2000030c  i                             
00000981  main                          
0000134d  memcpy                        
20000308  pos                           
20000320  pulso                         


GLOBAL SYMBOLS: SORTED BY Symbol Address 

address   name                          
-------   ----                          
00000000  __TI_static_base__            
00000000  g_pfnVectors                  
00000200  __STACK_SIZE                  
0000026d  Configuracion                 
000002d7  PWM_Config                    
00000385  UART_Config                   
000003cd  Timer_Config                  
00000487  GPIO_INT_Handler              
00000507  UARTIntHandler                
000005c5  Int_MOV_ESTADO0               
0000074d  Int_RECORRIDO_ESTADO2         
0000094d  Int_MOV_ESTADO2               
00000981  main                          
0000099d  Maquina_estado                
000009d9  Estado1                       
00000aa3  Estado2                       
00000acb  Servo_Base                    
00000b23  Servo_Brazo                   
00000b81  Servo_Mano                    
00000c2d  __aeabi_dsub                  
00000c37  __aeabi_dadd                  
00000de3  __aeabi_ddiv                  
00000f19  GPIOPadConfigSet              
0000104d  SysCtlClockGet                
0000115d  __aeabi_dmul                  
00001259  SysCtlClockSet                
0000134d  __aeabi_memcpy                
0000134d  __aeabi_memcpy4               
0000134d  __aeabi_memcpy8               
0000134d  memcpy                        
000013e9  __aeabi_d2f                   
00001459  IntDisable                    
000014c1  IntEnable                     
00001529  __TI_decompress_lzss          
00001591  TimerConfigure                
000015f1  GPIOIntTypeSet                
00001649  GPIOPinConfigure              
00001691  UARTConfigSetExpClk           
000016d9  __TI_auto_init_nobinit_nopinit
0000171d  __aeabi_d2uiz                 
00001761  _c_int00_noargs               
00001799  SysCtlPeripheralEnable        
000017cd  __aeabi_i2d                   
000017fb  GPIODirModeSet                
00001825  IntPrioritySet                
00001849  PWMGenConfigure               
0000186d  UARTDisable                   
0000188d  __aeabi_ui2d                  
000018ad  PWMPulseWidthSet              
000018cd  SysCtlPWMClockSet             
000018e1  UARTEnable                    
000018f5  GPIOPinTypeGPIOInput          
00001907  GPIOPinTypePWM                
00001919  GPIOPinTypeUART               
0000192b  PWMOutputState                
0000193d  TimerLoadSet                  
0000194f  __TI_zero_init_nomemset       
00001961  IntMasterEnable               
00001971  PWMGenPeriodSet               
00001981  GPIOIntStatus                 
0000198f  TimerEnable                   
0000199d  UARTCharGetNonBlocking        
000019ab  UARTCharsAvail                
000019b9  __TI_decompress_none          
000019c7  CPUcpsie                      
000019d3  GPIOIntEnable                 
000019df  PWMGenEnable                  
000019eb  ResetISR                      
000019f7  UARTCharPut                   
00001a01  UARTIntStatus                 
00001a0b  TimerIntEnable                
00001a13  UARTIntEnable                 
00001a1b  GPIOIntClear                  
00001a21  SysCtlDelay                   
00001a27  TimerIntClear                 
00001a2b  UARTIntClear                  
00001a2f  _system_pre_init              
00001a33  C$$EXIT                       
00001a33  abort                         
00001c70  __TI_Handler_Table_Base       
00001c7c  __TI_Handler_Table_Limit      
00001c88  __TI_CINIT_Base               
00001c98  __TI_CINIT_Limit              
20000000  CAJA1                         
200000c0  CAJA2                         
20000180  CAJA3                         
20000240  INICIAL                       
20000300  Ang1                          
20000301  Ang2                          
20000302  Ang3                          
20000304  carga                         
20000308  pos                           
2000030c  i                             
20000310  conteo                        
20000314  CONTROL                       
20000318  T                             
20000320  pulso                         
20000324  Posicion_Maquina              
20000328  ME                            
20000350  __stack                       
20000550  Load                          
20000550  __STACK_END                   
20000550  __STACK_TOP                   
20000554  PWMClk                        
20000558  dato                          
ffffffff  __TI_pprof_out_hndl           
ffffffff  __TI_prof_data_size           
ffffffff  __TI_prof_data_start          
ffffffff  __binit__                     
ffffffff  __c_args__                    
ffffffff  binit                         
UNDEFED   __mpu_init                    
UNDEFED   _system_post_cinit            

[113 symbols]
