******************************************************************************
                  TI ARM Linker PC v18.1.2                     
******************************************************************************
>> Linked Mon Sep 24 13:46:26 2018

OUTPUT FILE NAME:   <Practica_5.out>
ENTRY POINT SYMBOL: "_c_int00_noargs"  address: 00000761


MEMORY CONFIGURATION

         name            origin    length      used     unused   attr    fill
----------------------  --------  ---------  --------  --------  ----  --------
  FLASH                 00000000   00040000  000009c8  0003f638  R  X
  SRAM                  20000000   00008000  00000208  00007df8  RW X


SEGMENT ALLOCATION MAP

run origin  load origin   length   init length attrs members
----------  ----------- ---------- ----------- ----- -------
00000000    00000000    000009cc   000009cc    r-x
  00000000    00000000    0000026c   0000026c    r-- .intvecs
  0000026c    0000026c    0000064c   0000064c    r-x .text
  000008b8    000008b8    000000fc   000000fc    r-- .const
  000009b8    000009b8    00000014   00000014    r-- .cinit
20000000    20000000    00000208   00000000    rw-
  20000000    20000000    00000200   00000000    rw- .stack
  20000200    20000200    00000008   00000000    rw- .bss


SECTION ALLOCATION MAP

 output                                  attributes/
section   page    origin      length       input sections
--------  ----  ----------  ----------   ----------------
.intvecs   0    00000000    0000026c     
                  00000000    0000026c     tm4c123gh6pm_startup_ccs.obj (.intvecs)

.text      0    0000026c    0000064c     
                  0000026c    00000132     driverlib.lib : gpio.obj (.text:GPIOPadConfigSet)
                  0000039e    00000002     --HOLE-- [fill = 0]
                  000003a0    00000130     main.obj (.text)
                  000004d0    00000110     driverlib.lib : sysctl.obj (.text:SysCtlClockGet)
                  000005e0    000000f4                   : sysctl.obj (.text:SysCtlClockSet)
                  000006d4    00000048                   : gpio.obj (.text:GPIOPinConfigure)
                  0000071c    00000044     rtsv7M4_T_le_v4SPD16_eabi.lib : autoinit.c.obj (.text:__TI_auto_init_nobinit_nopinit:__TI_auto_init_nobinit_nopinit)
                  00000760    00000038                                   : boot_cortex_m.c.obj (.text:_c_int00_noargs:_c_int00_noargs)
                  00000798    00000034     driverlib.lib : sysctl.obj (.text:SysCtlPeripheralEnable)
                  000007cc    0000002a                   : gpio.obj (.text:GPIODirModeSet)
                  000007f6    00000022                   : pwm.obj (.text:PWMGenConfigure)
                  00000818    0000001e                   : pwm.obj (.text:PWMPulseWidthSet)
                  00000836    00000002     --HOLE-- [fill = 0]
                  00000838    00000014                   : sysctl.obj (.text:SysCtlPWMClockSet)
                  0000084c    00000012                   : gpio.obj (.text:GPIOPinTypePWM)
                  0000085e    00000012                   : pwm.obj (.text:PWMOutputState)
                  00000870    00000012     rtsv7M4_T_le_v4SPD16_eabi.lib : copy_zero_init.c.obj (.text:decompress:ZI:__TI_zero_init_nomemset:__TI_zero_init_nomemset)
                  00000882    00000010     driverlib.lib : pwm.obj (.text:PWMGenPeriodSet)
                  00000892    0000000c                   : pwm.obj (.text:PWMGenEnable)
                  0000089e    0000000c     tm4c123gh6pm_startup_ccs.obj (.text)
                  000008aa    00000006     driverlib.lib : sysctl.obj (.text:SysCtlDelay)
                  000008b0    00000004     rtsv7M4_T_le_v4SPD16_eabi.lib : pre_init.c.obj (.text:_system_pre_init)
                  000008b4    00000004                                   : exit.c.obj (.text:abort:abort)

.const     0    000008b8    000000fc     
                  000008b8    00000090     driverlib.lib : gpio.obj (.const:g_pui32GPIOBaseAddrs)
                  00000948    0000006c                   : sysctl.obj (.const:g_pui32Xtals)

.cinit     0    000009b8    00000014     
                  000009b8    00000008     (.cinit..bss.load) [load image, compression = zero_init]
                  000009c0    00000004     (__TI_handler_table)
                  000009c4    00000008     (__TI_cinit_table)

.init_array 
*          0    00000000    00000000     UNINITIALIZED

.bss       0    20000200    00000008     UNINITIALIZED
                  20000200    00000004     (.common:Load)
                  20000204    00000004     (.common:PWMClk)

.stack     0    20000000    00000200     UNINITIALIZED
                  20000000    00000004     rtsv7M4_T_le_v4SPD16_eabi.lib : boot_cortex_m.c.obj (.stack)
                  20000004    000001fc     --HOLE--

MODULE SUMMARY

       Module                         code   ro data   rw data
       ------                         ----   -------   -------
    .\
       tm4c123gh6pm_startup_ccs.obj   12     620       0      
       main.obj                       304    0         8      
    +--+------------------------------+------+---------+---------+
       Total:                         316    620       8      
                                                              
    ../driverlib.lib
       sysctl.obj                     594    108       0      
       gpio.obj                       438    144       0      
       pwm.obj                        110    0         0      
    +--+------------------------------+------+---------+---------+
       Total:                         1142   252       0      
                                                              
    C:\ti\ccsv8\tools\compiler\ti-cgt-arm_18.1.2.LTS\lib\rtsv7M4_T_le_v4SPD16_eabi.lib
       autoinit.c.obj                 68     0         0      
       boot_cortex_m.c.obj            56     0         0      
       copy_zero_init.c.obj           18     0         0      
       exit.c.obj                     4      0         0      
       pre_init.c.obj                 4      0         0      
    +--+------------------------------+------+---------+---------+
       Total:                         150    0         0      
                                                              
       Stack:                         0      0         512    
       Linker Generated:              0      20        0      
    +--+------------------------------+------+---------+---------+
       Grand Total:                   1608   892       520    


LINKER GENERATED COPY TABLES

__TI_cinit_table @ 000009c4 records: 1, size/record: 8, table size: 8
	.bss: load addr=000009b8, load size=00000008 bytes, run addr=20000200, run size=00000008 bytes, compression=zero_init


LINKER GENERATED HANDLER TABLE

__TI_handler_table @ 000009c0 records: 1, size/record: 4, table size: 4
	index: 0, handler: __TI_zero_init


GLOBAL SYMBOLS: SORTED ALPHABETICALLY BY Name 

address   name                          
-------   ----                          
000008b5  C$$EXIT                       
000003a1  Configuracion                 
000007cd  GPIODirModeSet                
0000026d  GPIOPadConfigSet              
000006d5  GPIOPinConfigure              
0000084d  GPIOPinTypePWM                
20000200  Load                          
20000204  PWMClk                        
000007f7  PWMGenConfigure               
00000893  PWMGenEnable                  
00000883  PWMGenPeriodSet               
0000085f  PWMOutputState                
00000819  PWMPulseWidthSet              
000003b1  PWM_Config                    
0000089f  ResetISR                      
000004d1  SysCtlClockGet                
000005e1  SysCtlClockSet                
000008ab  SysCtlDelay                   
00000839  SysCtlPWMClockSet             
00000799  SysCtlPeripheralEnable        
20000200  __STACK_END                   
00000200  __STACK_SIZE                  
20000200  __STACK_TOP                   
000009c4  __TI_CINIT_Base               
000009cc  __TI_CINIT_Limit              
000009c0  __TI_Handler_Table_Base       
000009c4  __TI_Handler_Table_Limit      
0000071d  __TI_auto_init_nobinit_nopinit
ffffffff  __TI_pprof_out_hndl           
ffffffff  __TI_prof_data_size           
ffffffff  __TI_prof_data_start          
00000000  __TI_static_base__            
00000871  __TI_zero_init_nomemset       
ffffffff  __binit__                     
ffffffff  __c_args__                    
UNDEFED   __mpu_init                    
20000000  __stack                       
00000761  _c_int00_noargs               
UNDEFED   _system_post_cinit            
000008b1  _system_pre_init              
000008b5  abort                         
ffffffff  binit                         
00000000  g_pfnVectors                  
00000457  main                          


GLOBAL SYMBOLS: SORTED BY Symbol Address 

address   name                          
-------   ----                          
00000000  __TI_static_base__            
00000000  g_pfnVectors                  
00000200  __STACK_SIZE                  
0000026d  GPIOPadConfigSet              
000003a1  Configuracion                 
000003b1  PWM_Config                    
00000457  main                          
000004d1  SysCtlClockGet                
000005e1  SysCtlClockSet                
000006d5  GPIOPinConfigure              
0000071d  __TI_auto_init_nobinit_nopinit
00000761  _c_int00_noargs               
00000799  SysCtlPeripheralEnable        
000007cd  GPIODirModeSet                
000007f7  PWMGenConfigure               
00000819  PWMPulseWidthSet              
00000839  SysCtlPWMClockSet             
0000084d  GPIOPinTypePWM                
0000085f  PWMOutputState                
00000871  __TI_zero_init_nomemset       
00000883  PWMGenPeriodSet               
00000893  PWMGenEnable                  
0000089f  ResetISR                      
000008ab  SysCtlDelay                   
000008b1  _system_pre_init              
000008b5  C$$EXIT                       
000008b5  abort                         
000009c0  __TI_Handler_Table_Base       
000009c4  __TI_CINIT_Base               
000009c4  __TI_Handler_Table_Limit      
000009cc  __TI_CINIT_Limit              
20000000  __stack                       
20000200  Load                          
20000200  __STACK_END                   
20000200  __STACK_TOP                   
20000204  PWMClk                        
ffffffff  __TI_pprof_out_hndl           
ffffffff  __TI_prof_data_size           
ffffffff  __TI_prof_data_start          
ffffffff  __binit__                     
ffffffff  __c_args__                    
ffffffff  binit                         
UNDEFED   __mpu_init                    
UNDEFED   _system_post_cinit            

[44 symbols]
