******************************************************************************
                  TI ARM Linker PC v18.1.2                     
******************************************************************************
>> Linked Sat Aug 18 14:17:25 2018

OUTPUT FILE NAME:   <Proyecto_0.out>
ENTRY POINT SYMBOL: "_c_int00_noinit_noargs"  address: 00000635


MEMORY CONFIGURATION

         name            origin    length      used     unused   attr    fill
----------------------  --------  ---------  --------  --------  ----  --------
  FLASH                 00000000   00040000  00000732  0003f8ce  R  X
  SRAM                  20000000   00008000  00000200  00007e00  RW X


SEGMENT ALLOCATION MAP

run origin  load origin   length   init length attrs members
----------  ----------- ---------- ----------- ----- -------
00000000    00000000    00000734   00000734    r-x
  00000000    00000000    0000026c   0000026c    r-- .intvecs
  0000026c    0000026c    0000045a   0000045a    r-x .text
  000006c8    000006c8    0000006c   0000006c    r-- .const
20000000    20000000    00000200   00000000    rw-
  20000000    20000000    00000200   00000000    rw- .stack


SECTION ALLOCATION MAP

 output                                  attributes/
section   page    origin      length       input sections
--------  ----  ----------  ----------   ----------------
.intvecs   0    00000000    0000026c     
                  00000000    0000026c     tm4c123gh6pm_startup_ccs.obj (.intvecs)

.text      0    0000026c    0000045a     
                  0000026c    00000132     driverlib.lib : gpio.obj (.text:GPIOPadConfigSet)
                  0000039e    00000002     --HOLE-- [fill = 0]
                  000003a0    00000110                   : sysctl.obj (.text:SysCtlClockGet)
                  000004b0    000000f4                   : sysctl.obj (.text:SysCtlClockSet)
                  000005a4    0000005c     main.obj (.text)
                  00000600    00000034     driverlib.lib : sysctl.obj (.text:SysCtlPeripheralEnable)
                  00000634    00000030     rtsv7M4_T_le_v4SPD16_eabi.lib : boot_cortex_m.c.obj (.text:_c_int00_noinit_noargs:_c_int00_noinit_noargs)
                  00000664    0000002a     driverlib.lib : gpio.obj (.text:GPIODirModeSet)
                  0000068e    00000018                   : gpio.obj (.text:GPIOPinTypeGPIOOutput)
                  000006a6    0000000c     tm4c123gh6pm_startup_ccs.obj (.text)
                  000006b2    00000006     driverlib.lib : gpio.obj (.text:GPIOPinWrite)
                  000006b8    00000006                   : sysctl.obj (.text:SysCtlDelay)
                  000006be    00000004     rtsv7M4_T_le_v4SPD16_eabi.lib : pre_init.c.obj (.text:_system_pre_init)
                  000006c2    00000004                                   : exit.c.obj (.text:abort:abort)

.const     0    000006c8    0000006c     
                  000006c8    0000006c     driverlib.lib : sysctl.obj (.const:g_pui32Xtals)

.cinit     0    00000000    00000000     UNINITIALIZED

.init_array 
*          0    00000000    00000000     UNINITIALIZED

.stack     0    20000000    00000200     UNINITIALIZED
                  20000000    00000004     rtsv7M4_T_le_v4SPD16_eabi.lib : boot_cortex_m.c.obj (.stack)
                  20000004    000001fc     --HOLE--

MODULE SUMMARY

       Module                         code   ro data   rw data
       ------                         ----   -------   -------
    .\
       tm4c123gh6pm_startup_ccs.obj   12     620       0      
       main.obj                       92     0         0      
    +--+------------------------------+------+---------+---------+
       Total:                         104    620       0      
                                                              
    ../driverlib.lib
       sysctl.obj                     574    108       0      
       gpio.obj                       378    0         0      
    +--+------------------------------+------+---------+---------+
       Total:                         952    108       0      
                                                              
    C:\ti\ccsv8\tools\compiler\ti-cgt-arm_18.1.2.LTS\lib\rtsv7M4_T_le_v4SPD16_eabi.lib
       boot_cortex_m.c.obj            48     0         0      
       exit.c.obj                     4      0         0      
       pre_init.c.obj                 4      0         0      
    +--+------------------------------+------+---------+---------+
       Total:                         56     0         0      
                                                              
       Stack:                         0      0         512    
    +--+------------------------------+------+---------+---------+
       Grand Total:                   1112   728       512    


GLOBAL SYMBOLS: SORTED ALPHABETICALLY BY Name 

address   name                  
-------   ----                  
000006c3  C$$EXIT               
00000665  GPIODirModeSet        
0000026d  GPIOPadConfigSet      
0000068f  GPIOPinTypeGPIOOutput 
000006b3  GPIOPinWrite          
000006a7  ResetISR              
000003a1  SysCtlClockGet        
000004b1  SysCtlClockSet        
000006b9  SysCtlDelay           
00000601  SysCtlPeripheralEnable
20000200  __STACK_END           
00000200  __STACK_SIZE          
20000200  __STACK_TOP           
ffffffff  __TI_pprof_out_hndl   
ffffffff  __TI_prof_data_size   
ffffffff  __TI_prof_data_start  
00000000  __TI_static_base__    
ffffffff  __binit__             
ffffffff  __c_args__            
UNDEFED   __mpu_init            
20000000  __stack               
00000635  _c_int00_noinit_noargs
000006bf  _system_pre_init      
000006c3  abort                 
ffffffff  binit                 
00000000  g_pfnVectors          
000005a5  main                  


GLOBAL SYMBOLS: SORTED BY Symbol Address 

address   name                  
-------   ----                  
00000000  __TI_static_base__    
00000000  g_pfnVectors          
00000200  __STACK_SIZE          
0000026d  GPIOPadConfigSet      
000003a1  SysCtlClockGet        
000004b1  SysCtlClockSet        
000005a5  main                  
00000601  SysCtlPeripheralEnable
00000635  _c_int00_noinit_noargs
00000665  GPIODirModeSet        
0000068f  GPIOPinTypeGPIOOutput 
000006a7  ResetISR              
000006b3  GPIOPinWrite          
000006b9  SysCtlDelay           
000006bf  _system_pre_init      
000006c3  C$$EXIT               
000006c3  abort                 
20000000  __stack               
20000200  __STACK_END           
20000200  __STACK_TOP           
ffffffff  __TI_pprof_out_hndl   
ffffffff  __TI_prof_data_size   
ffffffff  __TI_prof_data_start  
ffffffff  __binit__             
ffffffff  __c_args__            
ffffffff  binit                 
UNDEFED   __mpu_init            

[27 symbols]
